Archive member included because of file (symbol)

C:/NXP/S32DS_ARM_v2.2/S32DS/build_tools/gcc_v4.9/arm_ewl2/lib/armv7e-m/fpu\libc99.a(snprintf.o)
                              ./src/MDLW/tasks.o (snprintf)
C:/NXP/S32DS_ARM_v2.2/S32DS/build_tools/gcc_v4.9/arm_ewl2/lib/armv7e-m/fpu\libc99.a(vsnprintf.o)
                              C:/NXP/S32DS_ARM_v2.2/S32DS/build_tools/gcc_v4.9/arm_ewl2/lib/armv7e-m/fpu\libc99.a(snprintf.o) (vsnprintf)
C:/NXP/S32DS_ARM_v2.2/S32DS/build_tools/gcc_v4.9/arm_ewl2/lib/armv7e-m/fpu\libc99.a(exit.o)
                              C:/NXP/S32DS_ARM_v2.2/S32DS/build_tools/gcc_v4.9/arm_ewl2/lib/armv7e-m/fpu/__arm_start.o (exit)
C:/NXP/S32DS_ARM_v2.2/S32DS/build_tools/gcc_v4.9/arm_ewl2/lib/armv7e-m/fpu\libc99.a(memcpy.o)
                              ./src/MDLW/queue.o (memcpy)
C:/NXP/S32DS_ARM_v2.2/S32DS/build_tools/gcc_v4.9/arm_ewl2/lib/armv7e-m/fpu\libc99.a(memset.o)
                              C:/NXP/S32DS_ARM_v2.2/S32DS/build_tools/gcc_v4.9/arm_ewl2/lib/armv7e-m/fpu/__arm_start.o (memset)
C:/NXP/S32DS_ARM_v2.2/S32DS/build_tools/gcc_v4.9/arm_ewl2/lib/armv7e-m/fpu\libc99.a(strcpy.o)
                              ./src/MDLW/tasks.o (strcpy)
C:/NXP/S32DS_ARM_v2.2/S32DS/build_tools/gcc_v4.9/arm_ewl2/lib/armv7e-m/fpu\libc99.a(strlen.o)
                              ./src/MDLW/tasks.o (strlen)
C:/NXP/S32DS_ARM_v2.2/S32DS/build_tools/gcc_v4.9/arm_ewl2/lib/armv7e-m/fpu\libc99.a(fgetwc.o)
                              C:/NXP/S32DS_ARM_v2.2/S32DS/build_tools/gcc_v4.9/arm_ewl2/lib/armv7e-m/fpu\libc99.a(snprintf.o) (getwc)
C:/NXP/S32DS_ARM_v2.2/S32DS/build_tools/gcc_v4.9/arm_ewl2/lib/armv7e-m/fpu\libc99.a(fwide.o)
                              C:/NXP/S32DS_ARM_v2.2/S32DS/build_tools/gcc_v4.9/arm_ewl2/lib/armv7e-m/fpu\libc99.a(fgetwc.o) (fwide)
C:/NXP/S32DS_ARM_v2.2/S32DS/build_tools/gcc_v4.9/arm_ewl2/lib/armv7e-m/fpu\libc99.a(__printformat.o)
                              C:/NXP/S32DS_ARM_v2.2/S32DS/build_tools/gcc_v4.9/arm_ewl2/lib/armv7e-m/fpu\libc99.a(vsnprintf.o) (__pformatter)
C:/NXP/S32DS_ARM_v2.2/S32DS/build_tools/gcc_v4.9/arm_ewl2/lib/armv7e-m/fpu\libc99.a(ctype_aeabi.o)
                              C:/NXP/S32DS_ARM_v2.2/S32DS/build_tools/gcc_v4.9/arm_ewl2/lib/armv7e-m/fpu\libc99.a(__printformat.o) (isupper)
C:/NXP/S32DS_ARM_v2.2/S32DS/build_tools/gcc_v4.9/arm_ewl2/lib/armv7e-m/fpu\libc99.a(secure_error.o)
                              C:/NXP/S32DS_ARM_v2.2/S32DS/build_tools/gcc_v4.9/arm_ewl2/lib/armv7e-m/fpu\libc99.a(__printformat.o) (__ewl_runtime_constraint_violation_s)
C:/NXP/S32DS_ARM_v2.2/S32DS/build_tools/gcc_v4.9/arm_ewl2/lib/armv7e-m/fpu\libc99.a(ansi_files.o)
                              C:/NXP/S32DS_ARM_v2.2/S32DS/build_tools/gcc_v4.9/arm_ewl2/lib/armv7e-m/fpu\libc99.a(snprintf.o) (__files)
C:/NXP/S32DS_ARM_v2.2/S32DS/build_tools/gcc_v4.9/arm_ewl2/lib/armv7e-m/fpu\libc99.a(fflush.o)
                              C:/NXP/S32DS_ARM_v2.2/S32DS/build_tools/gcc_v4.9/arm_ewl2/lib/armv7e-m/fpu\libc99.a(ansi_files.o) (fflush)
C:/NXP/S32DS_ARM_v2.2/S32DS/build_tools/gcc_v4.9/arm_ewl2/lib/armv7e-m/fpu\libc99.a(fread.o)
                              C:/NXP/S32DS_ARM_v2.2/S32DS/build_tools/gcc_v4.9/arm_ewl2/lib/armv7e-m/fpu\libc99.a(fgetwc.o) (__fread)
C:/NXP/S32DS_ARM_v2.2/S32DS/build_tools/gcc_v4.9/arm_ewl2/lib/armv7e-m/fpu\libc99.a(__StringWrite.o)
                              C:/NXP/S32DS_ARM_v2.2/S32DS/build_tools/gcc_v4.9/arm_ewl2/lib/armv7e-m/fpu\libc99.a(vsnprintf.o) (__StringWrite)
C:/NXP/S32DS_ARM_v2.2/S32DS/build_tools/gcc_v4.9/arm_ewl2/lib/armv7e-m/fpu\libc99.a(abort.o)
                              C:/NXP/S32DS_ARM_v2.2/S32DS/build_tools/gcc_v4.9/arm_ewl2/lib/armv7e-m/fpu\libc99.a(secure_error.o) (abort)
C:/NXP/S32DS_ARM_v2.2/S32DS/build_tools/gcc_v4.9/arm_ewl2/lib/armv7e-m/fpu\libc99.a(mbtowc.o)
                              C:/NXP/S32DS_ARM_v2.2/S32DS/build_tools/gcc_v4.9/arm_ewl2/lib/armv7e-m/fpu\libc99.a(fgetwc.o) (mbtowc)
C:/NXP/S32DS_ARM_v2.2/S32DS/build_tools/gcc_v4.9/arm_ewl2/lib/armv7e-m/fpu\libc99.a(wcstombs.o)
                              C:/NXP/S32DS_ARM_v2.2/S32DS/build_tools/gcc_v4.9/arm_ewl2/lib/armv7e-m/fpu\libc99.a(__printformat.o) (wcstombs)
C:/NXP/S32DS_ARM_v2.2/S32DS/build_tools/gcc_v4.9/arm_ewl2/lib/armv7e-m/fpu\libc99.a(wctomb.o)
                              C:/NXP/S32DS_ARM_v2.2/S32DS/build_tools/gcc_v4.9/arm_ewl2/lib/armv7e-m/fpu\libc99.a(wcstombs.o) (wctomb)
C:/NXP/S32DS_ARM_v2.2/S32DS/build_tools/gcc_v4.9/arm_ewl2/lib/armv7e-m/fpu\libc99.a(__filll_mem.o)
                              C:/NXP/S32DS_ARM_v2.2/S32DS/build_tools/gcc_v4.9/arm_ewl2/lib/armv7e-m/fpu\libc99.a(memset.o) (__fill_mem)
C:/NXP/S32DS_ARM_v2.2/S32DS/build_tools/gcc_v4.9/arm_ewl2/lib/armv7e-m/fpu\libc99.a(memchr.o)
                              C:/NXP/S32DS_ARM_v2.2/S32DS/build_tools/gcc_v4.9/arm_ewl2/lib/armv7e-m/fpu\libc99.a(__printformat.o) (memchr)
C:/NXP/S32DS_ARM_v2.2/S32DS/build_tools/gcc_v4.9/arm_ewl2/lib/armv7e-m/fpu\libc99.a(strchr.o)
[...]
Memory Configuration

Name             Origin             Length             Attributes
m_interrupts     0x00000000         0x00000400         xr
m_flash_config   0x00000400         0x00000010         xr
m_text           0x00000410         0x0007fbf0         xr
m_data           0x1fff8000         0x00008000         rw
m_data_2         0x20000000         0x00007000         rw
*default*        0x00000000         0xffffffff

Linker script and memory map

LOAD C:/NXP/S32DS_ARM_v2.2/S32DS/build_tools/gcc_v4.9/arm_ewl2/lib/armv7e-m/fpu/__arm_start.o
LOAD ./Project_Settings/Startup_Code/startup.o
LOAD ./Project_Settings/Startup_Code/startup_S32K144.o
LOAD ./Project_Settings/Startup_Code/system_S32K144.o
LOAD ./src/APPL/KIT_Appl.o
LOAD ./src/MCAL/ADC_Core.o
LOAD ./src/MCAL/FTMn_Core.o
LOAD ./src/MCAL/LPTMR_Core.o
LOAD ./src/MCAL/LPUART_Core.o
LOAD ./src/MCAL/NVIC_Core.o
LOAD ./src/MCAL/PORT_Core.o
LOAD ./src/MCAL/WDOG_Core.o
LOAD ./src/MDLW/event_groups.o
LOAD ./src/MDLW/heap_4.o
LOAD ./src/MDLW/list.o
LOAD ./src/MDLW/port.o
LOAD ./src/MDLW/queue.o
LOAD ./src/MDLW/tasks.o
LOAD ./src/MDLW/timers.o
LOAD ./src/main.o
START GROUP
LOAD C:/NXP/S32DS_ARM_v2.2/S32DS/build_tools/gcc_v4.9/arm_ewl2/lib/armv7e-m/fpu\libc99.a
LOAD C:/NXP/S32DS_ARM_v2.2/S32DS/build_tools/gcc_v4.9/arm_ewl2/lib/armv7e-m/fpu\libm.a
LOAD c:/nxp/s32ds_arm_v2.2/s32ds/build_tools/gcc_v4.9/gcc-arm-none-eabi-4_9/bin/../lib/gcc/arm-none-eabi/4.9.3/armv7e-m/fpu\libgcc.a
LOAD C:/NXP/S32DS_ARM_v2.2/S32DS/build_tools/gcc_v4.9/arm_ewl2/lib/armv7e-m/fpu\librt.a
LOAD C:/NXP/S32DS_ARM_v2.2/S32DS/build_tools/gcc_v4.9/arm_ewl2/lib/armv7e-m/fpu\libnoio.a
END GROUP
LOAD C:/NXP/S32DS_ARM_v2.2/S32DS/build_tools/gcc_v4.9/arm_ewl2/lib/armv7e-m/fpu/__arm_end.o
                0x00000400                HEAP_SIZE = DEFINED (__heap_size__)?__heap_size__:0x400
                0x00000400                STACK_SIZE = DEFINED (__stack_size__)?__stack_size__:0x400
                0x00000400                M_VECTOR_RAM_SIZE = DEFINED (__flash_vector_table__)?0x0:0x400

.interrupts     0x00000000      0x400
                0x00000000                __VECTOR_TABLE = .
                0x00000000                . = ALIGN (0x4)
 *(.isr_vector)
 .isr_vector    0x00000000      0x400 ./Project_Settings/Startup_Code/startup_S32K144.o
                0x00000000                __isr_vector
                0x00000400                . = ALIGN (0x4)

.flash_config   0x00000400       0x10
                0x00000400                . = ALIGN (0x4)
 *(.FlashConfig)
 .FlashConfig   0x00000400       0x10 ./Project_Settings/Startup_Code/startup_S32K144.o
                0x00000410                . = ALIGN (0x4)

.text           0x00000410     0x336c
                0x00000410                . = ALIGN (0x4)
 *(.text)
 .text          0x00000410       0x44 ./Project_Settings/Startup_Code/startup_S32K144.o
                0x00000410                Reset_Handler
                0x00000450                DebugMon_Handler
                0x00000450                Reserved88_IRQHandler
                0x00000450                CAN0_ORed_IRQHandler
                0x00000450                HardFault_Handler
                0x00000450                Reserved86_IRQHandler
                0x00000450                Reserved103_IRQHandler
                0x00000450                FTM2_Ovf_Reload_IRQHandler
                0x00000450                Reserved50_IRQHandler
                0x00000450                FTFC_Fault_IRQHandler
                0x00000450                FTM0_Ch6_Ch7_IRQHandler
                0x00000450                Reserved114_IRQHandler
                0x00000450                NMI_Handler
                0x00000450                Reserved89_IRQHandler
                0x00000450                ERM_double_fault_IRQHandler
                0x00000450                DMA2_IRQHandler
                0x00000450                Reserved59_IRQHandler
                0x00000450                LPIT0_Ch0_IRQHandler
                0x00000450                Reserved99_IRQHandler
                0x00000450                FTM3_Ch6_Ch7_IRQHandler
                0x00000450                CAN2_ORed_0_15_MB_IRQHandler
                0x00000450                LPIT0_Ch3_IRQHandler
                0x00000450                Reserved92_IRQHandler
                0x00000450                FTM0_Ch4_Ch5_IRQHandler
                0x00000450                CAN1_Error_IRQHandler
                0x00000450                FTM3_Ch0_Ch1_IRQHandler
                0x00000450                SWI_IRQHandler
                0x00000450                FTM2_Ch4_Ch5_IRQHandler
                0x00000450                UsageFault_Handler
                0x00000450                DefaultISR
                0x00000450                DMA9_IRQHandler
                0x00000450                Reserved58_IRQHandler
                0x00000450                CAN1_ORed_0_15_MB_IRQHandler
                0x00000450                FTM1_Ch2_Ch3_IRQHandler
                0x00000450                DMA14_IRQHandler
                0x00000450                Reserved82_IRQHandler
                0x00000450                CAN0_ORed_16_31_MB_IRQHandler
                0x00000450                LPI2C0_Slave_IRQHandler
                0x00000450                Reserved71_IRQHandler
                0x00000450                PORTD_IRQHandler
                0x00000450                Reserved69_IRQHandler
                0x00000450                PORTB_IRQHandler
                0x00000450                Reserved70_IRQHandler
                0x00000450                FTM2_Ch2_Ch3_IRQHandler
                0x00000450                Reserved53_IRQHandler
                0x00000450                DMA5_IRQHandler
                0x00000450                RTC_IRQHandler
                0x00000450                PDB0_IRQHandler
                0x00000450                Reserved54_IRQHandler
                0x00000450                FTM2_Ch6_Ch7_IRQHandler
                0x00000450                FTM3_Ch2_Ch3_IRQHandler
                0x00000450                FTM2_Ch0_Ch1_IRQHandler
                0x00000450                LPSPI1_IRQHandler
                0x00000450                RTC_Seconds_IRQHandler
                0x00000450                CAN2_ORed_IRQHandler
                0x00000450                Reserved72_IRQHandler
                0x00000450                Reserved110_IRQHandler
                0x00000450                DMA11_IRQHandler
                0x00000450                Reserved107_IRQHandler
                0x00000450                Read_Collision_IRQHandler
                0x00000450                CAN2_Error_IRQHandler
                0x00000450                FTFC_IRQHandler
                0x00000450                DMA7_IRQHandler
                0x00000450                FTM1_Ch6_Ch7_IRQHandler
                0x00000450                Reserved105_IRQHandler
                0x00000450                LPIT0_Ch1_IRQHandler
                0x00000450                FTM1_Ch4_Ch5_IRQHandler
                0x00000450                FTM3_Ovf_Reload_IRQHandler
                0x00000450                LPUART2_RxTx_IRQHandler
                0x00000450                LPSPI0_IRQHandler
                0x00000450                WDOG_EWM_IRQHandler
                0x00000450                MemManage_Handler
                0x00000450                Reserved90_IRQHandler
                0x00000450                Reserved83_IRQHandler
                0x00000450                FTM0_Fault_IRQHandler
                0x00000450                Reserved48_IRQHandler
                0x00000450                ERM_single_fault_IRQHandler
                0x00000450                FTM2_Fault_IRQHandler
                0x00000450                DMA13_IRQHandler
                0x00000450                FTM3_Fault_IRQHandler
                0x00000450                RCM_IRQHandler
                0x00000450                DMA3_IRQHandler
                0x00000450                Reserved100_IRQHandler
                0x00000450                DMA0_IRQHandler
                0x00000450                Reserved91_IRQHandler
                0x00000450                CAN1_ORed_IRQHandler
                0x00000450                DMA15_IRQHandler
                0x00000450                SCG_IRQHandler
                0x00000450                PDB1_IRQHandler
                0x00000450                Reserved81_IRQHandler
                0x00000450                Reserved46_IRQHandler
                0x00000450                Reserved45_IRQHandler
                0x00000450                CAN0_Error_IRQHandler
                0x00000450                Reserved112_IRQHandler
                0x00000450                LPI2C0_Master_IRQHandler
                0x00000450                DMA4_IRQHandler
                0x00000450                FTM1_Fault_IRQHandler
                0x00000450                Reserved106_IRQHandler
                0x00000450                DMA_Error_IRQHandler
                0x00000450                LVD_LVW_IRQHandler
                0x00000450                LPIT0_Ch2_IRQHandler
                0x00000450                PORTA_IRQHandler
                0x00000450                MCM_IRQHandler
                0x00000450                LPSPI2_IRQHandler
                0x00000450                DMA12_IRQHandler
                0x00000450                FTM3_Ch4_Ch5_IRQHandler
                0x00000450                CAN0_ORed_0_15_MB_IRQHandler
                0x00000450                PORTE_IRQHandler
                0x00000450                LPUART0_RxTx_IRQHandler
                0x00000450                LPTMR0_IRQHandler
                0x00000450                BusFault_Handler
                0x00000450                Reserved87_IRQHandler
                0x00000450                DMA8_IRQHandler
                0x00000450                Reserved93_IRQHandler
                0x00000450                DMA10_IRQHandler
                0x00000450                CAN0_Wake_Up_IRQHandler
                0x00000450                CMP0_IRQHandler
                0x00000450                Reserved52_IRQHandler
                0x00000450                DMA6_IRQHandler
                0x00000450                FTM1_Ch0_Ch1_IRQHandler
                0x00000450                FLEXIO_IRQHandler
                0x00000450                DMA1_IRQHandler
                0x00000450                Reserved113_IRQHandler
 *(.text*)
 .text.init_data_bss
                0x00000454      0x110 ./Project_Settings/Startup_Code/startup.o
                0x00000454                init_data_bss
 .text.SystemInit
                0x00000564       0x58 ./Project_Settings/Startup_Code/system_S32K144.o
                0x00000564                SystemInit
 .text.APPL_UintToDecStr
                0x000005bc       0xa8 ./src/APPL/KIT_Appl.o
 .text.vTask_RgbPwm
                0x00000664       0x48 ./src/APPL/KIT_Appl.o
                0x00000664                vTask_RgbPwm
 .text.vTask_SwitchMonitor
                0x000006ac       0x78 ./src/APPL/KIT_Appl.o
                0x000006ac                vTask_SwitchMonitor
 .text.vTask_UartStatus
                0x00000724      0x3d0 ./src/APPL/KIT_Appl.o
                0x00000724                vTask_UartStatus
 .text.ADC0_IRQHandler
                0x00000af4        0xc ./src/MCAL/ADC_Core.o
                0x00000af4                ADC0_IRQHandler
 .text.ADC1_IRQHandler
                0x00000b00        0xc ./src/MCAL/ADC_Core.o
                0x00000b00                ADC1_IRQHandler
 .text.FTMn_Init
                0x00000b0c       0x10 ./src/MCAL/FTMn_Core.o
                0x00000b0c                FTMn_Init
 .text.FTM0_Init
                0x00000b1c       0x80 ./src/MCAL/FTMn_Core.o
                0x00000b1c                FTM0_Init
 .text.FTM1_Init
                0x00000b9c       0x6c ./src/MCAL/FTMn_Core.o
                0x00000b9c                FTM1_Init
 .text.FTM0_Ch0_Ch1_IRQHandler
                0x00000c08       0x5c ./src/MCAL/FTMn_Core.o
                0x00000c08                FTM0_Ch0_Ch1_IRQHandler
 .text.FTM0_Ch2_Ch3_IRQHandler
                0x00000c64       0x5c ./src/MCAL/FTMn_Core.o
                0x00000c64                FTM0_Ch2_Ch3_IRQHandler
 .text.FTM0_Ovf_Reload_IRQHandler
                0x00000cc0       0x30 ./src/MCAL/FTMn_Core.o
                0x00000cc0                FTM0_Ovf_Reload_IRQHandler
 .text.FTM1_Ovf_Reload_IRQHandler
                0x00000cf0       0x38 ./src/MCAL/FTMn_Core.o
                0x00000cf0                FTM1_Ovf_Reload_IRQHandler
 .text.LPUART_Init
                0x00000d28        0xc ./src/MCAL/LPUART_Core.o
                0x00000d28                LPUART_Init
 .text.LPUart1_Init
                0x00000d34       0x4c ./src/MCAL/LPUART_Core.o
                0x00000d34                LPUart1_Init
 .text.LPUart1_TransmitString
                0x00000d80       0xa0 ./src/MCAL/LPUART_Core.o
                0x00000d80                LPUart1_TransmitString
 .text.LPUART1_RxTx_IRQHandler
                0x00000e20      0x108 ./src/MCAL/LPUART_Core.o
                0x00000e20                LPUART1_RxTx_IRQHandler
 .text.NVIC_init_IRQs
                0x00000f28       0x9c ./src/MCAL/NVIC_Core.o
                0x00000f28                NVIC_init_IRQs
 .text.PORT_EnableClocks
                0x00000fc4       0x40 ./src/MCAL/PORT_Core.o
 .text.Port_Init
                0x00001004       0xe8 ./src/MCAL/PORT_Core.o
                0x00001004                Port_Init
 .text.PORTC_IRQHandler
                0x000010ec       0x44 ./src/MCAL/PORT_Core.o
                0x000010ec                PORTC_IRQHandler
 .text.WDOG_Init
                0x00001130       0x54 ./src/MCAL/WDOG_Core.o
                0x00001130                WDOG_Init
 .text.WDOG_Refresh
                0x00001184       0x20 ./src/MCAL/WDOG_Core.o
                0x00001184                WDOG_Refresh
 .text.pvPortMalloc
                0x000011a4      0x164 ./src/MDLW/heap_4.o
                0x000011a4                pvPortMalloc
 .text.vPortFree
                0x00001308       0x70 ./src/MDLW/heap_4.o
                0x00001308                vPortFree
 .text.prvHeapInit
                0x00001378       0xb4 ./src/MDLW/heap_4.o
 .text.prvInsertBlockIntoFreeList
                0x0000142c       0xb0 ./src/MDLW/heap_4.o
 .text.vListInitialise
                0x000014dc       0x40 ./src/MDLW/list.o
                0x000014dc                vListInitialise
 .text.vListInitialiseItem
                0x0000151c       0x18 ./src/MDLW/list.o
                0x0000151c                vListInitialiseItem
 .text.vListInsert
                0x00001534       0x70 ./src/MDLW/list.o
                0x00001534                vListInsert
 .text.uxListRemove
                0x000015a4       0x54 ./src/MDLW/list.o
                0x000015a4                uxListRemove
 .text.pxPortInitialiseStack
                0x000015f8       0x68 ./src/MDLW/port.o
                0x000015f8                pxPortInitialiseStack
 .text.prvTaskExitError
                0x00001660       0x30 ./src/MDLW/port.o
 .text.SVC_Handler
                0x00001690       0x24 ./src/MDLW/port.o
                0x00001690                SVC_Handler
 .text.prvPortStartFirstTask
                0x000016b4       0x28 ./src/MDLW/port.o
 .text.xPortStartScheduler
                0x000016dc       0x70 ./src/MDLW/port.o
                0x000016dc                xPortStartScheduler
 .text.vPortEnterCritical
                0x0000174c       0x30 ./src/MDLW/port.o
                0x0000174c                vPortEnterCritical
 .text.vPortExitCritical
                0x0000177c       0x30 ./src/MDLW/port.o
                0x0000177c                vPortExitCritical
 *fill*         0x000017ac        0x4 
 .text.PendSV_Handler
                0x000017b0       0x64 ./src/MDLW/port.o
                0x000017b0                PendSV_Handler
 .text.SysTick_Handler
                0x00001814       0x40 ./src/MDLW/port.o
                0x00001814                SysTick_Handler
 .text.vPortSetupTimerInterrupt
                0x00001854       0x34 ./src/MDLW/port.o
                0x00001854                vPortSetupTimerInterrupt
 .text.vPortEnableVFP
                0x00001888       0x14 ./src/MDLW/port.o
 .text.xQueueGenericReset
                0x0000189c       0xe0 ./src/MDLW/queue.o
                0x0000189c                xQueueGenericReset
 .text.xQueueGenericCreate
                0x0000197c       0x78 ./src/MDLW/queue.o
                0x0000197c                xQueueGenericCreate
 .text.prvInitialiseNewQueue
                0x000019f4       0x4c ./src/MDLW/queue.o
 .text.xQueueReceive
                0x00001a40      0x14c ./src/MDLW/queue.o
                0x00001a40                xQueueReceive
 .text.prvCopyDataToQueue
                0x00001b8c       0xd8 ./src/MDLW/queue.o
 .text.prvCopyDataFromQueue
                0x00001c64       0x4c ./src/MDLW/queue.o
 .text.prvUnlockQueue
                0x00001cb0       0xbc ./src/MDLW/queue.o
 .text.prvIsQueueEmpty
                0x00001d6c       0x2c ./src/MDLW/queue.o
 .text.vQueueAddToRegistry
                0x00001d98       0x80 ./src/MDLW/queue.o
                0x00001d98                vQueueAddToRegistry
 .text.vQueueWaitForMessageRestricted
                0x00001e18       0x6c ./src/MDLW/queue.o
                0x00001e18                vQueueWaitForMessageRestricted
 .text.prvNotifyQueueSetContainer
                0x00001e84       0x88 ./src/MDLW/queue.o
 .text.prvCreateTask
                0x00001f0c       0x78 ./src/MDLW/tasks.o
 .text.xTaskCreate
                0x00001f84       0x48 ./src/MDLW/tasks.o
                0x00001f84                xTaskCreate
 .text.prvInitialiseNewTask
                0x00001fcc       0xe0 ./src/MDLW/tasks.o
 .text.prvAddNewTaskToReadyList
                0x000020ac      0x130 ./src/MDLW/tasks.o
 .text.xTaskDelayUntil
                0x000021dc       0xa4 ./src/MDLW/tasks.o
                0x000021dc                xTaskDelayUntil
 .text.prvCreateIdleTasks
                0x00002280       0x90 ./src/MDLW/tasks.o
 .text.vTaskStartScheduler
                0x00002310       0x64 ./src/MDLW/tasks.o
                0x00002310                vTaskStartScheduler
 .text.vTaskSuspendAll
                0x00002374       0x1c ./src/MDLW/tasks.o
                0x00002374                vTaskSuspendAll
 .text.xTaskResumeAll
                0x00002390      0x1f4 ./src/MDLW/tasks.o
                0x00002390                xTaskResumeAll
 .text.xTaskGetTickCount
                0x00002584       0x20 ./src/MDLW/tasks.o
                0x00002584                xTaskGetTickCount
 .text.uxTaskGetNumberOfTasks
                0x000025a4       0x18 ./src/MDLW/tasks.o
                0x000025a4                uxTaskGetNumberOfTasks
 .text.xTaskIncrementTick
                0x000025bc      0x210 ./src/MDLW/tasks.o
                0x000025bc                xTaskIncrementTick
 .text.vTaskSwitchContext
                0x000027cc       0xd8 ./src/MDLW/tasks.o
                0x000027cc                vTaskSwitchContext
 .text.vTaskPlaceOnEventList
                0x000028a4       0x2c ./src/MDLW/tasks.o
                0x000028a4                vTaskPlaceOnEventList
 .text.vTaskPlaceOnEventListRestricted
                0x000028d0       0x6c ./src/MDLW/tasks.o
                0x000028d0                vTaskPlaceOnEventListRestricted
 .text.xTaskRemoveFromEventList
                0x0000293c      0x198 ./src/MDLW/tasks.o
                0x0000293c                xTaskRemoveFromEventList
 .text.vTaskInternalSetTimeOutState
                0x00002ad4       0x2c ./src/MDLW/tasks.o
                0x00002ad4                vTaskInternalSetTimeOutState
 .text.xTaskCheckForTimeOut
                0x00002b00       0x94 ./src/MDLW/tasks.o
                0x00002b00                xTaskCheckForTimeOut
 .text.vTaskMissedYield
                0x00002b94       0x18 ./src/MDLW/tasks.o
                0x00002b94                vTaskMissedYield
 .text.prvIdleTask
                0x00002bac       0x30 ./src/MDLW/tasks.o
 .text.prvInitialiseTaskLists
                0x00002bdc       0x7c ./src/MDLW/tasks.o
 .text.prvCheckTasksWaitingTermination
                0x00002c58       0x58 ./src/MDLW/tasks.o
 .text.prvDeleteTCB
                0x00002cb0       0x20 ./src/MDLW/tasks.o
 .text.prvResetNextTaskUnblockTime
                0x00002cd0       0x34 ./src/MDLW/tasks.o
 .text.xTaskPriorityDisinherit
                0x00002d04      0x108 ./src/MDLW/tasks.o
                0x00002d04                xTaskPriorityDisinherit
 .text.prvAddCurrentTaskToDelayedList
                0x00002e0c      0x100 ./src/MDLW/tasks.o
 .text.xTimerCreateTimerTask
                0x00002f0c       0x48 ./src/MDLW/timers.o
                0x00002f0c                xTimerCreateTimerTask
 .text.prvReloadTimer
                0x00002f54       0x40 ./src/MDLW/timers.o
 .text.prvProcessExpiredTimer
                0x00002f94       0x5c ./src/MDLW/timers.o
 .text.prvTimerTask
                0x00002ff0       0x24 ./src/MDLW/timers.o
 .text.prvProcessTimerOrBlockTask
                0x00003014       0x9c ./src/MDLW/timers.o
 .text.prvGetNextExpireTime
                0x000030b0       0x48 ./src/MDLW/timers.o
 .text.prvSampleTimeNow
                0x000030f8       0x40 ./src/MDLW/timers.o
 .text.prvInsertTimerInActiveList
                0x00003138       0x84 ./src/MDLW/timers.o
 .text.prvProcessReceivedCommands
                0x000031bc      0x174 ./src/MDLW/timers.o
 .text.prvSwitchTimerLists
                0x00003330       0x48 ./src/MDLW/timers.o
 .text.prvCheckForValidListAndQueue
                0x00003378       0x6c ./src/MDLW/timers.o
 .text.SOSC_init_8MHz
                0x000033e4       0x4c ./src/main.o
 .text.SPLL_init_160MHz
                0x00003430       0x80 ./src/main.o
 .text.NormalRUNmode_80MHz
                0x000034b0       0x34 ./src/main.o
 .text.vApplicationStackOverflowHook
                0x000034e4       0x10 ./src/main.o
                0x000034e4                vApplicationStackOverflowHook
 .text.vApplicationMallocFailedHook
                0x000034f4        0x8 ./src/main.o
                0x000034f4                vApplicationMallocFailedHook
 .text.vTask_WdogRefresh
                0x000034fc       0x28 ./src/main.o
 .text.main     0x00003524       0xa8 ./src/main.o
                0x00003524                main
 .text.memcpy   0x000035cc       0x16 C:/NXP/S32DS_ARM_v2.2/S32DS/build_tools/gcc_v4.9/arm_ewl2/lib/armv7e-m/fpu\libc99.a(memcpy.o)
                0x000035cc                memcpy
 .text.memset   0x000035e2        0xc C:/NXP/S32DS_ARM_v2.2/S32DS/build_tools/gcc_v4.9/arm_ewl2/lib/armv7e-m/fpu\libc99.a(memset.o)
                0x000035e2                memset
 .text.__fill_mem
                0x000035ee       0x7a C:/NXP/S32DS_ARM_v2.2/S32DS/build_tools/gcc_v4.9/arm_ewl2/lib/armv7e-m/fpu\libc99.a(__filll_mem.o)
                0x000035ee                __fill_mem
 *(.rodata)
 .rodata        0x00003668       0x17 ./src/MDLW/tasks.o
 *fill*         0x0000367f        0x1 
 .rodata        0x00003680        0xd ./src/MDLW/timers.o
 *fill*         0x0000368d        0x3 
 .rodata        0x00003690       0x2b ./src/main.o
 *(.rodata*)
 *fill*         0x000036bb        0x1 
 .rodata.gkastNvicIrqCfg
                0x000036bc        0xc ./src/MCAL/NVIC_Core.o
 .rodata.gkastPortPinCfg
                0x000036c8       0xb4 ./src/MCAL/PORT_Core.o
 *(.glue_7)
 .glue_7        0x00000000        0x0 linker stubs
 *(.glue_7t)
 .glue_7t       0x00000000        0x0 linker stubs
 *(.eh_frame)
 *(.init)
 *(.fini)
                0x0000377c                . = ALIGN (0x4)

.vfp11_veneer   0x0000377c        0x0
 .vfp11_veneer  0x00000000        0x0 linker stubs

.v4_bx          0x0000377c        0x0
 .v4_bx         0x00000000        0x0 linker stubs

.iplt           0x0000377c        0x0
 .iplt          0x00000000        0x0 C:/NXP/S32DS_ARM_v2.2/S32DS/build_tools/gcc_v4.9/arm_ewl2/lib/armv7e-m/fpu/__arm_start.o

.rel.dyn        0x0000377c        0x0
 .rel.iplt      0x00000000        0x0 C:/NXP/S32DS_ARM_v2.2/S32DS/build_tools/gcc_v4.9/arm_ewl2/lib/armv7e-m/fpu/__arm_start.o

.ARM.extab
 *(.ARM.extab* .gnu.linkonce.armextab.*)

.ARM            0x0000377c        0x0
                0x0000377c                __exidx_start = .
 *(.ARM.exidx*)
                0x0000377c                __exidx_end = .

.ctors          0x0000377c        0x0
                0x0000377c                __CTOR_LIST__ = .
 *crtbegin.o(.ctors)
 *crtbegin?.o(.ctors)
 *(EXCLUDE_FILE(*crtend.o *crtend?.o) .ctors)
 *(SORT(.ctors.*))
 *(.ctors)
                0x0000377c                __CTOR_END__ = .

.dtors          0x0000377c        0x0
                0x0000377c                __DTOR_LIST__ = .
 *crtbegin.o(.dtors)
 *crtbegin?.o(.dtors)
 *(EXCLUDE_FILE(*crtend.o *crtend?.o) .dtors)
 *(SORT(.dtors.*))
 *(.dtors)
                0x0000377c                __DTOR_END__ = .

.preinit_array  0x0000377c        0x0
                0x0000377c                PROVIDE (__preinit_array_start, .)
 *(.preinit_array*)
                0x0000377c                PROVIDE (__preinit_array_end, .)

.init_array     0x0000377c        0x0
                0x0000377c                PROVIDE (__init_array_start, .)
 *(SORT(.init_array.*))
 *(.init_array*)
                0x0000377c                PROVIDE (__init_array_end, .)

.fini_array     0x0000377c        0x0
                0x0000377c                PROVIDE (__fini_array_start, .)
 *(SORT(.fini_array.*))
 *(.fini_array*)
                0x0000377c                PROVIDE (__fini_array_end, .)
                0x0000377c                __etext = .
                0x0000377c                __DATA_ROM = .

.interrupts_ram
                0x1fff8000      0x400
                0x1fff8000                . = ALIGN (0x4)
                0x1fff8000                __VECTOR_RAM__ = .
                0x1fff8000                __interrupts_ram_start__ = .
 *(.m_interrupts_ram)
                0x1fff8400                . = (. + M_VECTOR_RAM_SIZE)
 *fill*         0x1fff8000      0x400 
                0x1fff8400                . = ALIGN (0x4)
                0x1fff8400                __interrupts_ram_end__ = .
                0x1fff8000                __VECTOR_RAM = DEFINED (__flash_vector_table__)?ORIGIN (m_interrupts):__VECTOR_RAM__
                0x00000400                __RAM_VECTOR_TABLE_SIZE = DEFINED (__flash_vector_table__)?0x0:(__interrupts_ram_end__ - __interrupts_ram_start__)

.data           0x1fff8400        0xc load address 0x0000377c
                0x1fff8400                . = ALIGN (0x4)
                0x1fff8400                __DATA_RAM = .
                0x1fff8400                __data_start__ = .
 *(.data)
 *(.data*)
 .data.gu8TxStatusFlag
                0x1fff8400        0x1 ./src/MCAL/LPUART_Core.o
 *fill*         0x1fff8401        0x3 
 .data.uxCriticalNesting
                0x1fff8404        0x4 ./src/MDLW/port.o
 .data.uxTopUsedPriority
                0x1fff8408        0x4 ./src/MDLW/tasks.o
 *(.jcr*)
                0x1fff840c                . = ALIGN (0x4)
                0x1fff840c                __data_end__ = .
                0x00003788                __DATA_END = (__DATA_ROM + (__data_end__ - __data_start__))
                0x00003788                __CODE_ROM = __DATA_END

.igot.plt       0x1fff840c        0x0 load address 0x00003788
 .igot.plt      0x00000000        0x0 C:/NXP/S32DS_ARM_v2.2/S32DS/build_tools/gcc_v4.9/arm_ewl2/lib/armv7e-m/fpu/__arm_start.o

.code           0x1fff840c        0x0 load address 0x00003788
                0x1fff840c                . = ALIGN (0x4)
                0x1fff840c                __CODE_RAM = .
                0x1fff840c                __code_start__ = .
 *(.code_ram)
                0x1fff840c                . = ALIGN (0x4)
                0x1fff840c                __code_end__ = .
                0x00003788                __CODE_END = (__CODE_ROM + (__code_end__ - __code_start__))

.customSectionBlock
 *(.customSection)

.bss            0x20000000     0x5318
                0x20000000                . = ALIGN (0x4)
                0x20000000                __BSS_START = .
                0x20000000                __bss_start__ = .
 *(.bss)
 *(.bss*)
 .bss.gstCurrentRgb
                0x20000000        0x3 ./src/APPL/KIT_Appl.o
 .bss.gu8Paused
                0x20000003        0x1 ./src/APPL/KIT_Appl.o
 .bss.u32FTM1Counter_1ms
                0x20000004        0x4 ./src/MCAL/FTMn_Core.o
 .bss.gstLPUARTRxBuf
                0x20000008       0x99 ./src/MCAL/LPUART_Core.o
 *fill*         0x200000a1        0x3 
 .bss.gstLPUARTTxBuf
                0x200000a4       0x99 ./src/MCAL/LPUART_Core.o
 *fill*         0x2000013d        0x3 
 .bss.ucHeap    0x20000140     0x5000 ./src/MDLW/heap_4.o
 .bss.xStart    0x20005140        0x8 ./src/MDLW/heap_4.o
 .bss.pxEnd     0x20005148        0x4 ./src/MDLW/heap_4.o
 .bss.xFreeBytesRemaining
                0x2000514c        0x4 ./src/MDLW/heap_4.o
 .bss.xMinimumEverFreeBytesRemaining
                0x20005150        0x4 ./src/MDLW/heap_4.o
 .bss.xNumberOfSuccessfulAllocations
                0x20005154        0x4 ./src/MDLW/heap_4.o
 .bss.xNumberOfSuccessfulFrees
                0x20005158        0x4 ./src/MDLW/heap_4.o
 .bss.pxCurrentTCB
                0x2000515c        0x4 ./src/MDLW/tasks.o
                0x2000515c                pxCurrentTCB
 .bss.pxReadyTasksLists
                0x20005160       0xa0 ./src/MDLW/tasks.o
 .bss.xDelayedTaskList1
                0x20005200       0x14 ./src/MDLW/tasks.o
 .bss.xDelayedTaskList2
                0x20005214       0x14 ./src/MDLW/tasks.o
 .bss.pxDelayedTaskList
                0x20005228        0x4 ./src/MDLW/tasks.o
 .bss.pxOverflowDelayedTaskList
                0x2000522c        0x4 ./src/MDLW/tasks.o
 .bss.xPendingReadyList
                0x20005230       0x14 ./src/MDLW/tasks.o
 .bss.xTasksWaitingTermination
                0x20005244       0x14 ./src/MDLW/tasks.o
 .bss.uxDeletedTasksWaitingCleanUp
                0x20005258        0x4 ./src/MDLW/tasks.o
 .bss.xSuspendedTaskList
                0x2000525c       0x14 ./src/MDLW/tasks.o
 .bss.uxCurrentNumberOfTasks
                0x20005270        0x4 ./src/MDLW/tasks.o
 .bss.xTickCount
                0x20005274        0x4 ./src/MDLW/tasks.o
 .bss.uxTopReadyPriority
                0x20005278        0x4 ./src/MDLW/tasks.o
 .bss.xSchedulerRunning
                0x2000527c        0x4 ./src/MDLW/tasks.o
 .bss.xPendedTicks
                0x20005280        0x4 ./src/MDLW/tasks.o
 .bss.xYieldPendings
                0x20005284        0x4 ./src/MDLW/tasks.o
 .bss.xNumOfOverflows
                0x20005288        0x4 ./src/MDLW/tasks.o
 .bss.uxTaskNumber
                0x2000528c        0x4 ./src/MDLW/tasks.o
 .bss.xNextTaskUnblockTime
                0x20005290        0x4 ./src/MDLW/tasks.o
 .bss.xIdleTaskHandles
                0x20005294        0x4 ./src/MDLW/tasks.o
 .bss.uxSchedulerSuspended
                0x20005298        0x4 ./src/MDLW/tasks.o
 .bss.xActiveTimerList1
                0x2000529c       0x14 ./src/MDLW/timers.o
 .bss.xActiveTimerList2
                0x200052b0       0x14 ./src/MDLW/timers.o
 .bss.pxCurrentTimerList
                0x200052c4        0x4 ./src/MDLW/timers.o
 .bss.pxOverflowTimerList
                0x200052c8        0x4 ./src/MDLW/timers.o
 .bss.xTimerQueue
                0x200052cc        0x4 ./src/MDLW/timers.o
 .bss.xTimerTaskHandle
                0x200052d0        0x4 ./src/MDLW/timers.o
 .bss.xLastTime.4991
                0x200052d4        0x4 ./src/MDLW/timers.o
 *(COMMON)
 COMMON         0x200052d8       0x40 ./src/MDLW/queue.o
                0x200052d8                xQueueRegistry
                0x20005318                . = ALIGN (0x4)
                0x20005318                __bss_end__ = .
                0x20005318                __BSS_END = .

.heap           0x20005318      0x400
                0x20005318                . = ALIGN (0x8)
                0x20005318                __end__ = .
                0x20005318                PROVIDE (end, .)
                0x20005318                PROVIDE (_end, .)
                0x20005318                PROVIDE (__end, .)
                0x20005318                __HeapBase = .
                0x20005718                . = (. + HEAP_SIZE)
 *fill*         0x20005318      0x400 
                0x20005718                __HeapLimit = .
                0x20005718                __heap_limit = .

.stack          0x20005718      0x400
                0x20005718                . = ALIGN (0x8)
                0x20005b18                . = (. + STACK_SIZE)
 *fill*         0x20005718      0x400 
                0x20007000                __StackTop = (ORIGIN (m_data_2) + 0x7000)
                0x20006c00                __StackLimit = (__StackTop - STACK_SIZE)
                0x20007000                PROVIDE (__stack, __StackTop)

.ARM.attributes
                0x00000000       0x37
 *(.ARM.attributes)
 .ARM.attributes
                0x00000000       0x39 ./Project_Settings/Startup_Code/startup.o
 .ARM.attributes
                0x00000039       0x1b ./Project_Settings/Startup_Code/startup_S32K144.o
 .ARM.attributes
                0x00000054       0x39 ./Project_Settings/Startup_Code/system_S32K144.o
 .ARM.attributes
                0x0000008d       0x39 ./src/APPL/KIT_Appl.o
 .ARM.attributes
                0x000000c6       0x39 ./src/MCAL/ADC_Core.o
 .ARM.attributes
                0x000000ff       0x39 ./src/MCAL/FTMn_Core.o
 .ARM.attributes
                0x00000138       0x39 ./src/MCAL/LPUART_Core.o
 .ARM.attributes
                0x00000171       0x39 ./src/MCAL/NVIC_Core.o
 .ARM.attributes
                0x000001aa       0x39 ./src/MCAL/PORT_Core.o
 .ARM.attributes
                0x000001e3       0x39 ./src/MCAL/WDOG_Core.o
 .ARM.attributes
                0x0000021c       0x39 ./src/MDLW/heap_4.o
 .ARM.attributes
                0x00000255       0x39 ./src/MDLW/list.o
 .ARM.attributes
                0x0000028e       0x39 ./src/MDLW/port.o
 .ARM.attributes
                0x000002c7       0x39 ./src/MDLW/queue.o
 .ARM.attributes
                0x00000300       0x39 ./src/MDLW/tasks.o
 .ARM.attributes
                0x00000339       0x39 ./src/MDLW/timers.o
 .ARM.attributes
                0x00000372       0x39 ./src/main.o
 .ARM.attributes
                0x000003ab       0x39 C:/NXP/S32DS_ARM_v2.2/S32DS/build_tools/gcc_v4.9/arm_ewl2/lib/armv7e-m/fpu\libc99.a(memcpy.o)
 .ARM.attributes
                0x000003e4       0x39 C:/NXP/S32DS_ARM_v2.2/S32DS/build_tools/gcc_v4.9/arm_ewl2/lib/armv7e-m/fpu\libc99.a(memset.o)
 .ARM.attributes
                0x0000041d       0x39 C:/NXP/S32DS_ARM_v2.2/S32DS/build_tools/gcc_v4.9/arm_ewl2/lib/armv7e-m/fpu\libc99.a(__filll_mem.o)
                0x00000001                ASSERT ((__StackLimit >= __HeapLimit), region m_data_2 overflowed with stack and heap)
OUTPUT(S32K144_Driver.elf elf32-littlearm)

.debug_info     0x00000000     0x856a
 .debug_info    0x00000000      0x41d ./Project_Settings/Startup_Code/startup.o
 .debug_info    0x0000041d       0x77 ./Project_Settings/Startup_Code/startup_S32K144.o
 .debug_info    0x00000494      0x500 ./Project_Settings/Startup_Code/system_S32K144.o
 .debug_info    0x00000994      0x72a ./src/APPL/KIT_Appl.o
 .debug_info    0x000010be      0x504 ./src/MCAL/ADC_Core.o
 .debug_info    0x000015c2      0x6a0 ./src/MCAL/FTMn_Core.o
 .debug_info    0x00001c62      0x52a ./src/MCAL/LPUART_Core.o
 .debug_info    0x0000218c      0x70c ./src/MCAL/NVIC_Core.o
 .debug_info    0x00002898      0x35d ./src/MCAL/PORT_Core.o
 .debug_info    0x00002bf5      0x353 ./src/MCAL/WDOG_Core.o
 .debug_info    0x00002f48      0x43b ./src/MDLW/heap_4.o
 .debug_info    0x00003383      0x298 ./src/MDLW/list.o
 .debug_info    0x0000361b      0x328 ./src/MDLW/port.o
 .debug_info    0x00003943     0x1452 ./src/MDLW/queue.o
 .debug_info    0x00004d95     0x2426 ./src/MDLW/tasks.o
 .debug_info    0x000071bb      0xb0c ./src/MDLW/timers.o
 .debug_info    0x00007cc7      0x56f ./src/main.o
 .debug_info    0x00008236      0x111 C:/NXP/S32DS_ARM_v2.2/S32DS/build_tools/gcc_v4.9/arm_ewl2/lib/armv7e-m/fpu\libc99.a(memcpy.o)
 .debug_info    0x00008347       0xec C:/NXP/S32DS_ARM_v2.2/S32DS/build_tools/gcc_v4.9/arm_ewl2/lib/armv7e-m/fpu\libc99.a(memset.o)
 .debug_info    0x00008433      0x137 C:/NXP/S32DS_ARM_v2.2/S32DS/build_tools/gcc_v4.9/arm_ewl2/lib/armv7e-m/fpu\libc99.a(__filll_mem.o)

.debug_abbrev   0x00000000     0x1866
 .debug_abbrev  0x00000000      0x101 ./Project_Settings/Startup_Code/startup.o
 .debug_abbrev  0x00000101       0x14 ./Project_Settings/Startup_Code/startup_S32K144.o
 .debug_abbrev  0x00000115      0x118 ./Project_Settings/Startup_Code/system_S32K144.o
 .debug_abbrev  0x0000022d      0x146 ./src/APPL/KIT_Appl.o
 .debug_abbrev  0x00000373      0x11b ./src/MCAL/ADC_Core.o
 .debug_abbrev  0x0000048e      0x16f ./src/MCAL/FTMn_Core.o
 .debug_abbrev  0x000005fd      0x16b ./src/MCAL/LPUART_Core.o
 .debug_abbrev  0x00000768      0x12a ./src/MCAL/NVIC_Core.o
 .debug_abbrev  0x00000892      0x11b ./src/MCAL/PORT_Core.o
 .debug_abbrev  0x000009ad       0xf8 ./src/MCAL/WDOG_Core.o
 .debug_abbrev  0x00000aa5      0x175 ./src/MDLW/heap_4.o
 .debug_abbrev  0x00000c1a       0xbf ./src/MDLW/list.o
 .debug_abbrev  0x00000cd9      0x1c1 ./src/MDLW/port.o
 .debug_abbrev  0x00000e9a      0x237 ./src/MDLW/queue.o
 .debug_abbrev  0x000010d1      0x2aa ./src/MDLW/tasks.o
 .debug_abbrev  0x0000137b      0x1f8 ./src/MDLW/timers.o
 .debug_abbrev  0x00001573      0x184 ./src/main.o
 .debug_abbrev  0x000016f7       0x95 C:/NXP/S32DS_ARM_v2.2/S32DS/build_tools/gcc_v4.9/arm_ewl2/lib/armv7e-m/fpu\libc99.a(memcpy.o)
 .debug_abbrev  0x0000178c       0x62 C:/NXP/S32DS_ARM_v2.2/S32DS/build_tools/gcc_v4.9/arm_ewl2/lib/armv7e-m/fpu\libc99.a(memset.o)
 .debug_abbrev  0x000017ee       0x78 C:/NXP/S32DS_ARM_v2.2/S32DS/build_tools/gcc_v4.9/arm_ewl2/lib/armv7e-m/fpu\libc99.a(__filll_mem.o)

.debug_aranges  0x00000000      0x8a8
 .debug_aranges
                0x00000000       0x20 ./Project_Settings/Startup_Code/startup.o
 .debug_aranges
                0x00000020       0x20 ./Project_Settings/Startup_Code/startup_S32K144.o
 .debug_aranges
                0x00000040       0x30 ./Project_Settings/Startup_Code/system_S32K144.o
 .debug_aranges
                0x00000070       0x38 ./src/APPL/KIT_Appl.o
 .debug_aranges
                0x000000a8       0x40 ./src/MCAL/ADC_Core.o
 .debug_aranges
                0x000000e8       0x68 ./src/MCAL/FTMn_Core.o
 .debug_aranges
                0x00000150       0x40 ./src/MCAL/LPUART_Core.o
 .debug_aranges
                0x00000190       0x20 ./src/MCAL/NVIC_Core.o
 .debug_aranges
                0x000001b0       0x30 ./src/MCAL/PORT_Core.o
 .debug_aranges
                0x000001e0       0x28 ./src/MCAL/WDOG_Core.o
 .debug_aranges
                0x00000208       0x68 ./src/MDLW/heap_4.o
 .debug_aranges
                0x00000270       0x40 ./src/MDLW/list.o
 .debug_aranges
                0x000002b0       0x78 ./src/MDLW/port.o
 .debug_aranges
                0x00000328      0x170 ./src/MDLW/queue.o
 .debug_aranges
                0x00000498      0x268 ./src/MDLW/tasks.o
 .debug_aranges
                0x00000700       0xf8 ./src/MDLW/timers.o
 .debug_aranges
                0x000007f8       0x50 ./src/main.o
 .debug_aranges
                0x00000848       0x20 C:/NXP/S32DS_ARM_v2.2/S32DS/build_tools/gcc_v4.9/arm_ewl2/lib/armv7e-m/fpu\libc99.a(memcpy.o)
 .debug_aranges
                0x00000868       0x20 C:/NXP/S32DS_ARM_v2.2/S32DS/build_tools/gcc_v4.9/arm_ewl2/lib/armv7e-m/fpu\libc99.a(memset.o)
 .debug_aranges
                0x00000888       0x20 C:/NXP/S32DS_ARM_v2.2/S32DS/build_tools/gcc_v4.9/arm_ewl2/lib/armv7e-m/fpu\libc99.a(__filll_mem.o)

.debug_ranges   0x00000000      0x728
 .debug_ranges  0x00000000       0x10 ./Project_Settings/Startup_Code/startup.o
 .debug_ranges  0x00000010       0x20 ./Project_Settings/Startup_Code/system_S32K144.o
 .debug_ranges  0x00000030       0x28 ./src/APPL/KIT_Appl.o
 .debug_ranges  0x00000058       0x30 ./src/MCAL/ADC_Core.o
 .debug_ranges  0x00000088       0x58 ./src/MCAL/FTMn_Core.o
 .debug_ranges  0x000000e0       0x30 ./src/MCAL/LPUART_Core.o
 .debug_ranges  0x00000110       0x10 ./src/MCAL/NVIC_Core.o
 .debug_ranges  0x00000120       0x20 ./src/MCAL/PORT_Core.o
 .debug_ranges  0x00000140       0x18 ./src/MCAL/WDOG_Core.o
 .debug_ranges  0x00000158       0x58 ./src/MDLW/heap_4.o
 .debug_ranges  0x000001b0       0x30 ./src/MDLW/list.o
 .debug_ranges  0x000001e0       0x68 ./src/MDLW/port.o
 .debug_ranges  0x00000248      0x160 ./src/MDLW/queue.o
 .debug_ranges  0x000003a8      0x258 ./src/MDLW/tasks.o
 .debug_ranges  0x00000600       0xe8 ./src/MDLW/timers.o
 .debug_ranges  0x000006e8       0x40 ./src/main.o

.debug_macro    0x00000000    0x15088
 .debug_macro   0x00000000       0xea ./Project_Settings/Startup_Code/startup.o
 .debug_macro   0x000000ea      0x86e ./Project_Settings/Startup_Code/startup.o
 .debug_macro   0x00000958       0x52 ./Project_Settings/Startup_Code/startup.o
 .debug_macro   0x000009aa       0xa0 ./Project_Settings/Startup_Code/startup.o
 .debug_macro   0x00000a4a       0x16 ./Project_Settings/Startup_Code/startup.o
 .debug_macro   0x00000a60       0x10 ./Project_Settings/Startup_Code/startup.o
 .debug_macro   0x00000a70       0x73 ./Project_Settings/Startup_Code/startup.o
 .debug_macro   0x00000ae3       0x19 ./Project_Settings/Startup_Code/startup.o
 .debug_macro   0x00000afc       0x5e ./Project_Settings/Startup_Code/startup.o
 .debug_macro   0x00000b5a      0x185 ./Project_Settings/Startup_Code/startup.o
 .debug_macro   0x00000cdf      0x147 ./Project_Settings/Startup_Code/startup.o
 .debug_macro   0x00000e26       0x9d ./Project_Settings/Startup_Code/startup.o
 .debug_macro   0x00000ec3       0x10 ./Project_Settings/Startup_Code/startup.o
 .debug_macro   0x00000ed3      0x15b ./Project_Settings/Startup_Code/startup.o
 .debug_macro   0x0000102e       0x28 ./Project_Settings/Startup_Code/startup.o
 .debug_macro   0x00001056       0x58 ./Project_Settings/Startup_Code/startup.o
 .debug_macro   0x000010ae     0xecad ./Project_Settings/Startup_Code/startup.o
 .debug_macro   0x0000fd5b      0xa19 ./Project_Settings/Startup_Code/startup.o
 .debug_macro   0x00010774       0x22 ./Project_Settings/Startup_Code/startup.o
 .debug_macro   0x00010796       0xe9 ./Project_Settings/Startup_Code/system_S32K144.o
 .debug_macro   0x0001087f       0x28 ./Project_Settings/Startup_Code/system_S32K144.o
 .debug_macro   0x000108a7      0x2ae ./src/APPL/KIT_Appl.o
 .debug_macro   0x00010b55       0x7c ./src/APPL/KIT_Appl.o
 .debug_macro   0x00010bd1       0x1c ./src/APPL/KIT_Appl.o
 .debug_macro   0x00010bed       0x4c ./src/APPL/KIT_Appl.o
 .debug_macro   0x00010c39       0x34 ./src/APPL/KIT_Appl.o
 .debug_macro   0x00010c6d       0xa6 ./src/APPL/KIT_Appl.o
 .debug_macro   0x00010d13       0x28 ./src/APPL/KIT_Appl.o
 .debug_macro   0x00010d3b       0x5e ./src/APPL/KIT_Appl.o
 .debug_macro   0x00010d99       0x64 ./src/APPL/KIT_Appl.o
 .debug_macro   0x00010dfd      0x54d ./src/APPL/KIT_Appl.o
 .debug_macro   0x0001134a      0x1ab ./src/APPL/KIT_Appl.o
 .debug_macro   0x000114f5       0x28 ./src/APPL/KIT_Appl.o
 .debug_macro   0x0001151d      0x16e ./src/APPL/KIT_Appl.o
 .debug_macro   0x0001168b      0x2c9 ./src/APPL/KIT_Appl.o
 .debug_macro   0x00011954      0x196 ./src/APPL/KIT_Appl.o
 .debug_macro   0x00011aea      0x314 ./src/APPL/KIT_Appl.o
 .debug_macro   0x00011dfe       0x16 ./src/APPL/KIT_Appl.o
 .debug_macro   0x00011e14       0x16 ./src/APPL/KIT_Appl.o
 .debug_macro   0x00011e2a       0x16 ./src/APPL/KIT_Appl.o
 .debug_macro   0x00011e40       0x16 ./src/APPL/KIT_Appl.o
 .debug_macro   0x00011e56      0x154 ./src/APPL/KIT_Appl.o
 .debug_macro   0x00011faa       0x1c ./src/APPL/KIT_Appl.o
 .debug_macro   0x00011fc6      0x182 ./src/APPL/KIT_Appl.o
 .debug_macro   0x00012148       0xe7 ./src/APPL/KIT_Appl.o
 .debug_macro   0x0001222f       0x2e ./src/APPL/KIT_Appl.o
 .debug_macro   0x0001225d       0x1f ./src/APPL/KIT_Appl.o
 .debug_macro   0x0001227c       0x12 ./src/APPL/KIT_Appl.o
 .debug_macro   0x0001228e     0x10b7 ./src/APPL/KIT_Appl.o
 .debug_macro   0x00013345       0xc3 ./src/APPL/KIT_Appl.o
 .debug_macro   0x00013408      0x14f ./src/APPL/KIT_Appl.o
 .debug_macro   0x00013557       0x80 ./src/APPL/KIT_Appl.o
 .debug_macro   0x000135d7       0x77 ./src/APPL/KIT_Appl.o
 .debug_macro   0x0001364e       0x10 ./src/APPL/KIT_Appl.o
 .debug_macro   0x0001365e      0x1a5 ./src/MCAL/ADC_Core.o
 .debug_macro   0x00013803      0x1a5 ./src/MCAL/FTMn_Core.o
 .debug_macro   0x000139a8      0x1a5 ./src/MCAL/LPUART_Core.o
 .debug_macro   0x00013b4d      0x1ab ./src/MCAL/NVIC_Core.o
 .debug_macro   0x00013cf8      0x1a5 ./src/MCAL/PORT_Core.o
 .debug_macro   0x00013e9d      0x1a5 ./src/MCAL/WDOG_Core.o
 .debug_macro   0x00014042      0x1f9 ./src/MDLW/heap_4.o
 .debug_macro   0x0001423b      0x16f ./src/MDLW/list.o
 .debug_macro   0x000143aa      0x237 ./src/MDLW/port.o
 .debug_macro   0x000145e1      0x1fb ./src/MDLW/queue.o
 .debug_macro   0x000147dc      0x2f2 ./src/MDLW/tasks.o
 .debug_macro   0x00014ace       0x16 ./src/MDLW/tasks.o
 .debug_macro   0x00014ae4       0x16 ./src/MDLW/tasks.o
 .debug_macro   0x00014afa       0x8b ./src/MDLW/tasks.o
 .debug_macro   0x00014b85       0x22 ./src/MDLW/tasks.o
 .debug_macro   0x00014ba7       0x10 ./src/MDLW/tasks.o
 .debug_macro   0x00014bb7       0x20 ./src/MDLW/tasks.o
 .debug_macro   0x00014bd7      0x1be ./src/MDLW/timers.o
 .debug_macro   0x00014d95       0x9e ./src/MDLW/timers.o
 .debug_macro   0x00014e33      0x255 ./src/main.o

.debug_line     0x00000000     0x5957
 .debug_line    0x00000000      0x272 ./Project_Settings/Startup_Code/startup.o
 .debug_line    0x00000272       0x83 ./Project_Settings/Startup_Code/startup_S32K144.o
 .debug_line    0x000002f5      0x2aa ./Project_Settings/Startup_Code/system_S32K144.o
 .debug_line    0x0000059f      0x5e6 ./src/APPL/KIT_Appl.o
 .debug_line    0x00000b85      0x3d8 ./src/MCAL/ADC_Core.o
 .debug_line    0x00000f5d      0x48a ./src/MCAL/FTMn_Core.o
 .debug_line    0x000013e7      0x416 ./src/MCAL/LPUART_Core.o
 .debug_line    0x000017fd      0x39e ./src/MCAL/NVIC_Core.o
 .debug_line    0x00001b9b      0x3c3 ./src/MCAL/PORT_Core.o
 .debug_line    0x00001f5e      0x3a7 ./src/MCAL/WDOG_Core.o
 .debug_line    0x00002305      0x4e4 ./src/MDLW/heap_4.o
 .debug_line    0x000027e9      0x3bb ./src/MDLW/list.o
 .debug_line    0x00002ba4      0x429 ./src/MDLW/port.o
 .debug_line    0x00002fcd      0xa11 ./src/MDLW/queue.o
 .debug_line    0x000039de     0x11a2 ./src/MDLW/tasks.o
 .debug_line    0x00004b80      0x653 ./src/MDLW/timers.o
 .debug_line    0x000051d3      0x5bb ./src/main.o
 .debug_line    0x0000578e       0x88 C:/NXP/S32DS_ARM_v2.2/S32DS/build_tools/gcc_v4.9/arm_ewl2/lib/armv7e-m/fpu\libc99.a(memcpy.o)
 .debug_line    0x00005816       0x8f C:/NXP/S32DS_ARM_v2.2/S32DS/build_tools/gcc_v4.9/arm_ewl2/lib/armv7e-m/fpu\libc99.a(memset.o)
 .debug_line    0x000058a5       0xb2 C:/NXP/S32DS_ARM_v2.2/S32DS/build_tools/gcc_v4.9/arm_ewl2/lib/armv7e-m/fpu\libc99.a(__filll_mem.o)

.debug_str      0x00000000    0x8223d
 .debug_str     0x00000000    0x68a51 ./Project_Settings/Startup_Code/startup.o
                              0x68aea (size before relaxing)
 .debug_str     0x00068a51      0x1f3 ./Project_Settings/Startup_Code/system_S32K144.o
                              0x68bb4 (size before relaxing)
 .debug_str     0x00068c44    0x13bf2 ./src/APPL/KIT_Appl.o
                              0x7c604 (size before relaxing)
 .debug_str     0x0007c836       0xf2 ./src/MCAL/ADC_Core.o
                              0x70a3f (size before relaxing)
 .debug_str     0x0007c928      0x156 ./src/MCAL/FTMn_Core.o
                              0x70b8d (size before relaxing)
 .debug_str     0x0007ca7e      0x16e ./src/MCAL/LPUART_Core.o
                              0x70af4 (size before relaxing)
 .debug_str     0x0007cbec      0x68d ./src/MCAL/NVIC_Core.o
                              0x7101e (size before relaxing)
 .debug_str     0x0007d279       0x4c ./src/MCAL/PORT_Core.o
                              0x709ad (size before relaxing)
 .debug_str     0x0007d2c5       0x40 ./src/MCAL/WDOG_Core.o
                              0x709a4 (size before relaxing)
 .debug_str     0x0007d305      0x822 ./src/MDLW/heap_4.o
                               0xf489 (size before relaxing)
 .debug_str     0x0007db27      0x13e ./src/MDLW/list.o
                               0xd9ea (size before relaxing)
 .debug_str     0x0007dc65      0x8cd ./src/MDLW/port.o
                               0xf540 (size before relaxing)
 .debug_str     0x0007e532      0xc07 ./src/MDLW/queue.o
                              0x101f7 (size before relaxing)
 .debug_str     0x0007f139     0x2919 ./src/MDLW/tasks.o
                              0x11904 (size before relaxing)
 .debug_str     0x00081a52      0x57a ./src/MDLW/timers.o
                              0x1044f (size before relaxing)
 .debug_str     0x00081fcc       0x94 ./src/main.o
                              0x7b71d (size before relaxing)
 .debug_str     0x00082060      0x18e C:/NXP/S32DS_ARM_v2.2/S32DS/build_tools/gcc_v4.9/arm_ewl2/lib/armv7e-m/fpu\libc99.a(memcpy.o)
                                0x232 (size before relaxing)
 .debug_str     0x000821ee       0x22 C:/NXP/S32DS_ARM_v2.2/S32DS/build_tools/gcc_v4.9/arm_ewl2/lib/armv7e-m/fpu\libc99.a(memset.o)
                                0x23a (size before relaxing)
 .debug_str     0x00082210       0x2d C:/NXP/S32DS_ARM_v2.2/S32DS/build_tools/gcc_v4.9/arm_ewl2/lib/armv7e-m/fpu\libc99.a(__filll_mem.o)
                                0x24c (size before relaxing)

.comment        0x00000000       0x70
 .comment       0x00000000       0x70 ./Project_Settings/Startup_Code/startup.o
                                 0x71 (size before relaxing)
 .comment       0x00000000       0x71 ./Project_Settings/Startup_Code/system_S32K144.o
 .comment       0x00000000       0x71 ./src/APPL/KIT_Appl.o
 .comment       0x00000000       0x71 ./src/MCAL/ADC_Core.o
 .comment       0x00000000       0x71 ./src/MCAL/FTMn_Core.o
 .comment       0x00000000       0x71 ./src/MCAL/LPUART_Core.o
 .comment       0x00000000       0x71 ./src/MCAL/NVIC_Core.o
 .comment       0x00000000       0x71 ./src/MCAL/PORT_Core.o
 .comment       0x00000000       0x71 ./src/MCAL/WDOG_Core.o
 .comment       0x00000000       0x71 ./src/MDLW/heap_4.o
 .comment       0x00000000       0x71 ./src/MDLW/list.o
 .comment       0x00000000       0x71 ./src/MDLW/port.o
 .comment       0x00000000       0x71 ./src/MDLW/queue.o
 .comment       0x00000000       0x71 ./src/MDLW/tasks.o
 .comment       0x00000000       0x71 ./src/MDLW/timers.o
 .comment       0x00000000       0x71 ./src/main.o
 .comment       0x00000000       0x71 C:/NXP/S32DS_ARM_v2.2/S32DS/build_tools/gcc_v4.9/arm_ewl2/lib/armv7e-m/fpu\libc99.a(memcpy.o)
 .comment       0x00000000       0x71 C:/NXP/S32DS_ARM_v2.2/S32DS/build_tools/gcc_v4.9/arm_ewl2/lib/armv7e-m/fpu\libc99.a(memset.o)
 .comment       0x00000000       0x71 C:/NXP/S32DS_ARM_v2.2/S32DS/build_tools/gcc_v4.9/arm_ewl2/lib/armv7e-m/fpu\libc99.a(__filll_mem.o)

.debug_frame    0x00000000     0x1f64
 .debug_frame   0x00000000       0x38 ./Project_Settings/Startup_Code/startup.o
 .debug_frame   0x00000038       0x80 ./Project_Settings/Startup_Code/system_S32K144.o
 .debug_frame   0x000000b8       0x98 ./src/APPL/KIT_Appl.o
 .debug_frame   0x00000150       0xac ./src/MCAL/ADC_Core.o
 .debug_frame   0x000001fc      0x174 ./src/MCAL/FTMn_Core.o
 .debug_frame   0x00000370       0xb4 ./src/MCAL/LPUART_Core.o
 .debug_frame   0x00000424       0x38 ./src/MCAL/NVIC_Core.o
 .debug_frame   0x0000045c       0x74 ./src/MCAL/PORT_Core.o
 .debug_frame   0x000004d0       0x58 ./src/MCAL/WDOG_Core.o
 .debug_frame   0x00000528      0x170 ./src/MDLW/heap_4.o
 .debug_frame   0x00000698       0xd8 ./src/MDLW/list.o
 .debug_frame   0x00000770      0x178 ./src/MDLW/port.o
 .debug_frame   0x000008e8      0x658 ./src/MDLW/queue.o
 .debug_frame   0x00000f40      0xac4 ./src/MDLW/tasks.o
 .debug_frame   0x00001a04      0x404 ./src/MDLW/timers.o
 .debug_frame   0x00001e08       0xe4 ./src/main.o
 .debug_frame   0x00001eec       0x28 C:/NXP/S32DS_ARM_v2.2/S32DS/build_tools/gcc_v4.9/arm_ewl2/lib/armv7e-m/fpu\libc99.a(memcpy.o)
 .debug_frame   0x00001f14       0x28 C:/NXP/S32DS_ARM_v2.2/S32DS/build_tools/gcc_v4.9/arm_ewl2/lib/armv7e-m/fpu\libc99.a(memset.o)
 .debug_frame   0x00001f3c       0x28 C:/NXP/S32DS_ARM_v2.2/S32DS/build_tools/gcc_v4.9/arm_ewl2/lib/armv7e-m/fpu\libc99.a(__filll_mem.o)

.debug_loc      0x00000000      0x246
 .debug_loc     0x00000000       0x77 C:/NXP/S32DS_ARM_v2.2/S32DS/build_tools/gcc_v4.9/arm_ewl2/lib/armv7e-m/fpu\libc99.a(memcpy.o)
 .debug_loc     0x00000077       0x64 C:/NXP/S32DS_ARM_v2.2/S32DS/build_tools/gcc_v4.9/arm_ewl2/lib/armv7e-m/fpu\libc99.a(memset.o)
 .debug_loc     0x000000db      0x16b C:/NXP/S32DS_ARM_v2.2/S32DS/build_tools/gcc_v4.9/arm_ewl2/lib/armv7e-m/fpu\libc99.a(__filll_mem.o)
