Archive member included because of file (symbol)

C:/NXP/S32DS_ARM_v2.2/S32DS/build_tools/gcc_v4.9/arm_ewl2/lib/armv7e-m\libc99.a(exit.o)
                              C:/NXP/S32DS_ARM_v2.2/S32DS/build_tools/gcc_v4.9/arm_ewl2/lib/armv7e-m/__arm_start.o (exit)
C:/NXP/S32DS_ARM_v2.2/S32DS/build_tools/gcc_v4.9/arm_ewl2/lib/armv7e-m\libc99.a(memset.o)
                              C:/NXP/S32DS_ARM_v2.2/S32DS/build_tools/gcc_v4.9/arm_ewl2/lib/armv7e-m/__arm_start.o (memset)
C:/NXP/S32DS_ARM_v2.2/S32DS/build_tools/gcc_v4.9/arm_ewl2/lib/armv7e-m\libc99.a(__filll_mem.o)
                              C:/NXP/S32DS_ARM_v2.2/S32DS/build_tools/gcc_v4.9/arm_ewl2/lib/armv7e-m\libc99.a(memset.o) (__fill_mem)
C:/NXP/S32DS_ARM_v2.2/S32DS/build_tools/gcc_v4.9/arm_ewl2/lib/armv7e-m\libm.a(w_fmod.o)
                              ./src/APPL/KIT_Appl.o (fmod)
C:/NXP/S32DS_ARM_v2.2/S32DS/build_tools/gcc_v4.9/arm_ewl2/lib/armv7e-m\libm.a(e_fmod.o)
                              C:/NXP/S32DS_ARM_v2.2/S32DS/build_tools/gcc_v4.9/arm_ewl2/lib/armv7e-m\libm.a(w_fmod.o) (__ieee754_fmod)
c:/nxp/s32ds_arm_v2.2/s32ds/build_tools/gcc_v4.9/gcc-arm-none-eabi-4_9/bin/../lib/gcc/arm-none-eabi/4.9.3/armv7e-m\libgcc.a(_arm_addsubdf3.o)
                              ./src/APPL/KIT_Appl.o (__aeabi_dsub)
c:/nxp/s32ds_arm_v2.2/s32ds/build_tools/gcc_v4.9/gcc-arm-none-eabi-4_9/bin/../lib/gcc/arm-none-eabi/4.9.3/armv7e-m\libgcc.a(_arm_muldivdf3.o)
                              ./src/APPL/KIT_Appl.o (__aeabi_dmul)
c:/nxp/s32ds_arm_v2.2/s32ds/build_tools/gcc_v4.9/gcc-arm-none-eabi-4_9/bin/../lib/gcc/arm-none-eabi/4.9.3/armv7e-m\libgcc.a(_arm_truncdfsf2.o)
                              ./src/APPL/KIT_Appl.o (__aeabi_d2f)
c:/nxp/s32ds_arm_v2.2/s32ds/build_tools/gcc_v4.9/gcc-arm-none-eabi-4_9/bin/../lib/gcc/arm-none-eabi/4.9.3/armv7e-m\libgcc.a(_arm_addsubsf3.o)
                              ./src/APPL/KIT_Appl.o (__aeabi_fsub)
c:/nxp/s32ds_arm_v2.2/s32ds/build_tools/gcc_v4.9/gcc-arm-none-eabi-4_9/bin/../lib/gcc/arm-none-eabi/4.9.3/armv7e-m\libgcc.a(_arm_muldivsf3.o)
                              ./src/APPL/KIT_Appl.o (__aeabi_fmul)
c:/nxp/s32ds_arm_v2.2/s32ds/build_tools/gcc_v4.9/gcc-arm-none-eabi-4_9/bin/../lib/gcc/arm-none-eabi/4.9.3/armv7e-m\libgcc.a(_arm_cmpsf2.o)
                              ./src/APPL/KIT_Appl.o (__aeabi_fcmplt)
c:/nxp/s32ds_arm_v2.2/s32ds/build_tools/gcc_v4.9/gcc-arm-none-eabi-4_9/bin/../lib/gcc/arm-none-eabi/4.9.3/armv7e-m\libgcc.a(_arm_fixsfsi.o)
                              ./src/APPL/KIT_Appl.o (__aeabi_f2iz)
C:/NXP/S32DS_ARM_v2.2/S32DS/build_tools/gcc_v4.9/arm_ewl2/lib/armv7e-m\librt.a(gcc_ctor_dtor.o)
                              C:/NXP/S32DS_ARM_v2.2/S32DS/build_tools/gcc_v4.9/arm_ewl2/lib/armv7e-m/__arm_start.o (__init_cpp)
C:/NXP/S32DS_ARM_v2.2/S32DS/build_tools/gcc_v4.9/arm_ewl2/lib/armv7e-m\librt.a(__arm_eabi_init.o)
                              C:/NXP/S32DS_ARM_v2.2/S32DS/build_tools/gcc_v4.9/arm_ewl2/lib/armv7e-m\libc99.a(exit.o) (__destroy_global_chain)
C:/NXP/S32DS_ARM_v2.2/S32DS/build_tools/gcc_v4.9/arm_ewl2/lib/armv7e-m\librt.a(ROMCopy.o)
                              C:/NXP/S32DS_ARM_v2.2/S32DS/build_tools/gcc_v4.9/arm_ewl2/lib/armv7e-m/__arm_start.o (__copy_rom_sections_to_ram)
C:/NXP/S32DS_ARM_v2.2/S32DS/build_tools/gcc_v4.9/arm_ewl2/lib/armv7e-m\libc99.a(errno.o)
                              C:/NXP/S32DS_ARM_v2.2/S32DS/build_tools/gcc_v4.9/arm_ewl2/lib/armv7e-m\libm.a(e_fmod.o) (errno)

Allocating common symbols
Common symbol       size              file

errno               0x4               C:/NXP/S32DS_ARM_v2.2/S32DS/build_tools/gcc_v4.9/arm_ewl2/lib/armv7e-m\libc99.a(errno.o)

Discarded input sections

 .text          0x00000000        0x0 C:/NXP/S32DS_ARM_v2.2/S32DS/build_tools/gcc_v4.9/arm_ewl2/lib/armv7e-m/__arm_start.o
 .data          0x00000000        0x0 C:/NXP/S32DS_ARM_v2.2/S32DS/build_tools/gcc_v4.9/arm_ewl2/lib/armv7e-m/__arm_start.o
 .bss           0x00000000        0x0 C:/NXP/S32DS_ARM_v2.2/S32DS/build_tools/gcc_v4.9/arm_ewl2/lib/armv7e-m/__arm_start.o
 .text.__thumb_startup
                0x00000000       0x3c C:/NXP/S32DS_ARM_v2.2/S32DS/build_tools/gcc_v4.9/arm_ewl2/lib/armv7e-m/__arm_start.o
 .text.__iar_program_start
                0x00000000        0x4 C:/NXP/S32DS_ARM_v2.2/S32DS/build_tools/gcc_v4.9/arm_ewl2/lib/armv7e-m/__arm_start.o
 .bss.argv      0x00000000        0x4 C:/NXP/S32DS_ARM_v2.2/S32DS/build_tools/gcc_v4.9/arm_ewl2/lib/armv7e-m/__arm_start.o
 .debug_info    0x00000000      0x144 C:/NXP/S32DS_ARM_v2.2/S32DS/build_tools/gcc_v4.9/arm_ewl2/lib/armv7e-m/__arm_start.o
 .debug_abbrev  0x00000000       0xc0 C:/NXP/S32DS_ARM_v2.2/S32DS/build_tools/gcc_v4.9/arm_ewl2/lib/armv7e-m/__arm_start.o
 .debug_aranges
                0x00000000       0x28 C:/NXP/S32DS_ARM_v2.2/S32DS/build_tools/gcc_v4.9/arm_ewl2/lib/armv7e-m/__arm_start.o
 .debug_line    0x00000000       0x68 C:/NXP/S32DS_ARM_v2.2/S32DS/build_tools/gcc_v4.9/arm_ewl2/lib/armv7e-m/__arm_start.o
[...]
Memory Configuration

Name             Origin             Length             Attributes
m_interrupts     0x00000000         0x00000400         xr
m_flash_config   0x00000400         0x00000010         xr
m_text           0x00000410         0x0007fbf0         xr
m_data           0x1fff8000         0x00008000         rw
m_data_2         0x20000000         0x00007000         rw
*default*        0x00000000         0xffffffff

Linker script and memory map

LOAD C:/NXP/S32DS_ARM_v2.2/S32DS/build_tools/gcc_v4.9/arm_ewl2/lib/armv7e-m/__arm_start.o
LOAD ./Project_Settings/Startup_Code/startup.o
LOAD ./Project_Settings/Startup_Code/startup_S32K144.o
LOAD ./Project_Settings/Startup_Code/system_S32K144.o
LOAD ./src/APPL/Bldc.o
LOAD ./src/APPL/KIT_Appl.o
LOAD ./src/MCAL/ADC_Core.o
LOAD ./src/MCAL/FTMn_Core.o
LOAD ./src/MCAL/LPTMR_Core.o
LOAD ./src/MCAL/LPUART_Core.o
LOAD ./src/MCAL/NVIC_Core.o
LOAD ./src/MCAL/PORT_Core.o
LOAD ./src/MCAL/WDOG_Core.o
LOAD ./src/main.o
START GROUP
LOAD C:/NXP/S32DS_ARM_v2.2/S32DS/build_tools/gcc_v4.9/arm_ewl2/lib/armv7e-m\libc99.a
LOAD C:/NXP/S32DS_ARM_v2.2/S32DS/build_tools/gcc_v4.9/arm_ewl2/lib/armv7e-m\libm.a
LOAD c:/nxp/s32ds_arm_v2.2/s32ds/build_tools/gcc_v4.9/gcc-arm-none-eabi-4_9/bin/../lib/gcc/arm-none-eabi/4.9.3/armv7e-m\libgcc.a
LOAD C:/NXP/S32DS_ARM_v2.2/S32DS/build_tools/gcc_v4.9/arm_ewl2/lib/armv7e-m\librt.a
LOAD C:/NXP/S32DS_ARM_v2.2/S32DS/build_tools/gcc_v4.9/arm_ewl2/lib/armv7e-m\libnoio.a
END GROUP
LOAD C:/NXP/S32DS_ARM_v2.2/S32DS/build_tools/gcc_v4.9/arm_ewl2/lib/armv7e-m/__arm_end.o
                0x00000400                HEAP_SIZE = DEFINED (__heap_size__)?__heap_size__:0x400
                0x00000400                STACK_SIZE = DEFINED (__stack_size__)?__stack_size__:0x400
                0x00000400                M_VECTOR_RAM_SIZE = DEFINED (__flash_vector_table__)?0x0:0x400

.interrupts     0x00000000      0x400
                0x00000000                __VECTOR_TABLE = .
                0x00000000                . = ALIGN (0x4)
 *(.isr_vector)
 .isr_vector    0x00000000      0x400 ./Project_Settings/Startup_Code/startup_S32K144.o
                0x00000000                __isr_vector
                0x00000400                . = ALIGN (0x4)

.flash_config   0x00000400       0x10
                0x00000400                . = ALIGN (0x4)
 *(.FlashConfig)
 .FlashConfig   0x00000400       0x10 ./Project_Settings/Startup_Code/startup_S32K144.o
                0x00000410                . = ALIGN (0x4)

.text           0x00000410      0xc0c
                0x00000410                . = ALIGN (0x4)
 *(.text)
 .text          0x00000410       0x44 ./Project_Settings/Startup_Code/startup_S32K144.o
                0x00000410                Reset_Handler
                0x00000450                DebugMon_Handler
                0x00000450                Reserved88_IRQHandler
                0x00000450                CAN0_ORed_IRQHandler
                0x00000450                HardFault_Handler
                0x00000450                Reserved86_IRQHandler
                0x00000450                Reserved103_IRQHandler
                0x00000450                SysTick_Handler
                0x00000450                FTM2_Ovf_Reload_IRQHandler
                0x00000450                Reserved50_IRQHandler
                0x00000450                FTFC_Fault_IRQHandler
                0x00000450                FTM0_Ch6_Ch7_IRQHandler
                0x00000450                Reserved114_IRQHandler
                0x00000450                PendSV_Handler
                0x00000450                NMI_Handler
                0x00000450                Reserved89_IRQHandler
                0x00000450                ERM_double_fault_IRQHandler
                0x00000450                DMA2_IRQHandler
                0x00000450                Reserved59_IRQHandler
                0x00000450                LPIT0_Ch0_IRQHandler
                0x00000450                Reserved99_IRQHandler
                0x00000450                FTM3_Ch6_Ch7_IRQHandler
                0x00000450                CAN2_ORed_0_15_MB_IRQHandler
                0x00000450                LPIT0_Ch3_IRQHandler
                0x00000450                Reserved92_IRQHandler
                0x00000450                FTM0_Ch4_Ch5_IRQHandler
                0x00000450                CAN1_Error_IRQHandler
                0x00000450                FTM3_Ch0_Ch1_IRQHandler
                0x00000450                SWI_IRQHandler
                0x00000450                FTM2_Ch4_Ch5_IRQHandler
                0x00000450                UsageFault_Handler
                0x00000450                DefaultISR
                0x00000450                DMA9_IRQHandler
                0x00000450                Reserved58_IRQHandler
                0x00000450                CAN1_ORed_0_15_MB_IRQHandler
                0x00000450                FTM1_Ch2_Ch3_IRQHandler
                0x00000450                DMA14_IRQHandler
                0x00000450                Reserved82_IRQHandler
                0x00000450                CAN0_ORed_16_31_MB_IRQHandler
                0x00000450                LPI2C0_Slave_IRQHandler
                0x00000450                Reserved71_IRQHandler
                0x00000450                PORTD_IRQHandler
                0x00000450                Reserved69_IRQHandler
                0x00000450                PORTB_IRQHandler
                0x00000450                Reserved70_IRQHandler
                0x00000450                FTM2_Ch2_Ch3_IRQHandler
                0x00000450                Reserved53_IRQHandler
                0x00000450                DMA5_IRQHandler
                0x00000450                RTC_IRQHandler
                0x00000450                PDB0_IRQHandler
                0x00000450                Reserved54_IRQHandler
                0x00000450                FTM2_Ch6_Ch7_IRQHandler
                0x00000450                FTM3_Ch2_Ch3_IRQHandler
                0x00000450                FTM2_Ch0_Ch1_IRQHandler
                0x00000450                LPSPI1_IRQHandler
                0x00000450                RTC_Seconds_IRQHandler
                0x00000450                CAN2_ORed_IRQHandler
                0x00000450                Reserved72_IRQHandler
                0x00000450                Reserved110_IRQHandler
                0x00000450                DMA11_IRQHandler
                0x00000450                Reserved107_IRQHandler
                0x00000450                Read_Collision_IRQHandler
                0x00000450                CAN2_Error_IRQHandler
                0x00000450                FTFC_IRQHandler
                0x00000450                DMA7_IRQHandler
                0x00000450                FTM1_Ch6_Ch7_IRQHandler
                0x00000450                Reserved105_IRQHandler
                0x00000450                LPIT0_Ch1_IRQHandler
                0x00000450                FTM1_Ch4_Ch5_IRQHandler
                0x00000450                FTM3_Ovf_Reload_IRQHandler
                0x00000450                LPUART2_RxTx_IRQHandler
                0x00000450                LPSPI0_IRQHandler
                0x00000450                WDOG_EWM_IRQHandler
                0x00000450                MemManage_Handler
                0x00000450                Reserved90_IRQHandler
                0x00000450                Reserved83_IRQHandler
                0x00000450                FTM0_Fault_IRQHandler
                0x00000450                Reserved48_IRQHandler
                0x00000450                SVC_Handler
                0x00000450                ERM_single_fault_IRQHandler
                0x00000450                FTM2_Fault_IRQHandler
                0x00000450                DMA13_IRQHandler
                0x00000450                FTM3_Fault_IRQHandler
                0x00000450                RCM_IRQHandler
                0x00000450                DMA3_IRQHandler
                0x00000450                Reserved100_IRQHandler
                0x00000450                DMA0_IRQHandler
                0x00000450                Reserved91_IRQHandler
                0x00000450                CAN1_ORed_IRQHandler
                0x00000450                DMA15_IRQHandler
                0x00000450                SCG_IRQHandler
                0x00000450                PDB1_IRQHandler
                0x00000450                Reserved81_IRQHandler
                0x00000450                Reserved46_IRQHandler
                0x00000450                Reserved45_IRQHandler
                0x00000450                CAN0_Error_IRQHandler
                0x00000450                Reserved112_IRQHandler
                0x00000450                LPI2C0_Master_IRQHandler
                0x00000450                DMA4_IRQHandler
                0x00000450                FTM1_Fault_IRQHandler
                0x00000450                Reserved106_IRQHandler
                0x00000450                DMA_Error_IRQHandler
                0x00000450                LVD_LVW_IRQHandler
                0x00000450                LPIT0_Ch2_IRQHandler
                0x00000450                PORTA_IRQHandler
                0x00000450                MCM_IRQHandler
                0x00000450                LPSPI2_IRQHandler
                0x00000450                DMA12_IRQHandler
                0x00000450                FTM3_Ch4_Ch5_IRQHandler
                0x00000450                CAN0_ORed_0_15_MB_IRQHandler
                0x00000450                PORTE_IRQHandler
                0x00000450                LPUART0_RxTx_IRQHandler
                0x00000450                LPTMR0_IRQHandler
                0x00000450                BusFault_Handler
                0x00000450                Reserved87_IRQHandler
                0x00000450                DMA8_IRQHandler
                0x00000450                Reserved93_IRQHandler
                0x00000450                DMA10_IRQHandler
                0x00000450                CAN0_Wake_Up_IRQHandler
                0x00000450                CMP0_IRQHandler
                0x00000450                Reserved52_IRQHandler
                0x00000450                DMA6_IRQHandler
                0x00000450                FTM1_Ch0_Ch1_IRQHandler
                0x00000450                FLEXIO_IRQHandler
                0x00000450                DMA1_IRQHandler
                0x00000450                Reserved113_IRQHandler
 *(.text*)
 .text.init_data_bss
                0x00000454      0x110 ./Project_Settings/Startup_Code/startup.o
                0x00000454                init_data_bss
 .text.SystemInit
                0x00000564       0x30 ./Project_Settings/Startup_Code/system_S32K144.o
                0x00000564                SystemInit
 .text.ADC0_IRQHandler
                0x00000594        0xc ./src/MCAL/ADC_Core.o
                0x00000594                ADC0_IRQHandler
 .text.ADC1_IRQHandler
                0x000005a0        0xc ./src/MCAL/ADC_Core.o
                0x000005a0                ADC1_IRQHandler
 .text.FTMn_Init
                0x000005ac       0x10 ./src/MCAL/FTMn_Core.o
                0x000005ac                FTMn_Init
 .text.FTM0_Init
                0x000005bc       0x80 ./src/MCAL/FTMn_Core.o
                0x000005bc                FTM0_Init
 .text.FTM1_Init
                0x0000063c       0x6c ./src/MCAL/FTMn_Core.o
                0x0000063c                FTM1_Init
 .text.FTM0_Ch0_Ch1_IRQHandler
                0x000006a8       0x5c ./src/MCAL/FTMn_Core.o
                0x000006a8                FTM0_Ch0_Ch1_IRQHandler
 .text.FTM0_Ch2_Ch3_IRQHandler
                0x00000704       0x5c ./src/MCAL/FTMn_Core.o
                0x00000704                FTM0_Ch2_Ch3_IRQHandler
 .text.FTM0_Ovf_Reload_IRQHandler
                0x00000760       0x30 ./src/MCAL/FTMn_Core.o
                0x00000760                FTM0_Ovf_Reload_IRQHandler
 .text.FTM1_Ovf_Reload_IRQHandler
                0x00000790       0x38 ./src/MCAL/FTMn_Core.o
                0x00000790                FTM1_Ovf_Reload_IRQHandler
 .text.LPUART_Init
                0x000007c8        0xc ./src/MCAL/LPUART_Core.o
                0x000007c8                LPUART_Init
 .text.LPUart1_Init
                0x000007d4       0x4c ./src/MCAL/LPUART_Core.o
                0x000007d4                LPUart1_Init
 .text.LPUART1_RxTx_IRQHandler
                0x00000820       0xec ./src/MCAL/LPUART_Core.o
                0x00000820                LPUART1_RxTx_IRQHandler
 .text.NVIC_init_IRQs
                0x0000090c       0xa0 ./src/MCAL/NVIC_Core.o
                0x0000090c                NVIC_init_IRQs
 .text.Port_Init
                0x000009ac       0x10 ./src/MCAL/PORT_Core.o
                0x000009ac                Port_Init
 .text.Port_Clear_PortC
                0x000009bc       0xcc ./src/MCAL/PORT_Core.o
                0x000009bc                Port_Clear_PortC
 .text.Port_Initialize_PortC
                0x00000a88      0x164 ./src/MCAL/PORT_Core.o
                0x00000a88                Port_Initialize_PortC
 .text.Port_Clear_PortD
                0x00000bec       0xcc ./src/MCAL/PORT_Core.o
                0x00000bec                Port_Clear_PortD
 .text.Port_Initialize_PortD
                0x00000cb8      0x174 ./src/MCAL/PORT_Core.o
                0x00000cb8                Port_Initialize_PortD
 .text.PORTC_IRQHandler
                0x00000e2c       0x3c ./src/MCAL/PORT_Core.o
                0x00000e2c                PORTC_IRQHandler
 .text.WDOG_Init
                0x00000e68       0x54 ./src/MCAL/WDOG_Core.o
                0x00000e68                WDOG_Init
 .text.WDOG_Refresh
                0x00000ebc       0x20 ./src/MCAL/WDOG_Core.o
                0x00000ebc                WDOG_Refresh
 .text.SOSC_init_8MHz
                0x00000edc       0x4c ./src/main.o
                0x00000edc                SOSC_init_8MHz
 .text.SPLL_init_160MHz
                0x00000f28       0x80 ./src/main.o
                0x00000f28                SPLL_init_160MHz
 .text.NormalRUNmode_80MHz
                0x00000fa8       0x34 ./src/main.o
                0x00000fa8                NormalRUNmode_80MHz
 .text.main     0x00000fdc       0x40 ./src/main.o
                0x00000fdc                main
 *(.rodata)
 *(.rodata*)
 *(.glue_7)
 .glue_7        0x00000000        0x0 linker stubs
 *(.glue_7t)
 .glue_7t       0x00000000        0x0 linker stubs
 *(.eh_frame)
 *(.init)
 *(.fini)
                0x0000101c                . = ALIGN (0x4)

.vfp11_veneer   0x0000101c        0x0
 .vfp11_veneer  0x00000000        0x0 linker stubs

.v4_bx          0x0000101c        0x0
 .v4_bx         0x00000000        0x0 linker stubs

.iplt           0x0000101c        0x0
 .iplt          0x00000000        0x0 C:/NXP/S32DS_ARM_v2.2/S32DS/build_tools/gcc_v4.9/arm_ewl2/lib/armv7e-m/__arm_start.o

.rel.dyn        0x0000101c        0x0
 .rel.iplt      0x00000000        0x0 C:/NXP/S32DS_ARM_v2.2/S32DS/build_tools/gcc_v4.9/arm_ewl2/lib/armv7e-m/__arm_start.o

.ARM.extab
 *(.ARM.extab* .gnu.linkonce.armextab.*)

.ARM            0x0000101c        0x0
                0x0000101c                __exidx_start = .
 *(.ARM.exidx*)
                0x0000101c                __exidx_end = .

.ctors          0x0000101c        0x0
                0x0000101c                __CTOR_LIST__ = .
 *crtbegin.o(.ctors)
 *crtbegin?.o(.ctors)
 *(EXCLUDE_FILE(*crtend.o *crtend?.o) .ctors)
 *(SORT(.ctors.*))
 *(.ctors)
                0x0000101c                __CTOR_END__ = .

.dtors          0x0000101c        0x0
                0x0000101c                __DTOR_LIST__ = .
 *crtbegin.o(.dtors)
 *crtbegin?.o(.dtors)
 *(EXCLUDE_FILE(*crtend.o *crtend?.o) .dtors)
 *(SORT(.dtors.*))
 *(.dtors)
                0x0000101c                __DTOR_END__ = .

.preinit_array  0x0000101c        0x0
                0x0000101c                PROVIDE (__preinit_array_start, .)
 *(.preinit_array*)
                0x0000101c                PROVIDE (__preinit_array_end, .)

.init_array     0x0000101c        0x0
                0x0000101c                PROVIDE (__init_array_start, .)
 *(SORT(.init_array.*))
 *(.init_array*)
                0x0000101c                PROVIDE (__init_array_end, .)

.fini_array     0x0000101c        0x0
                0x0000101c                PROVIDE (__fini_array_start, .)
 *(SORT(.fini_array.*))
 *(.fini_array*)
                0x0000101c                PROVIDE (__fini_array_end, .)
                0x0000101c                __etext = .
                0x0000101c                __DATA_ROM = .

.interrupts_ram
                0x1fff8000      0x400
                0x1fff8000                . = ALIGN (0x4)
                0x1fff8000                __VECTOR_RAM__ = .
                0x1fff8000                __interrupts_ram_start__ = .
 *(.m_interrupts_ram)
                0x1fff8400                . = (. + M_VECTOR_RAM_SIZE)
 *fill*         0x1fff8000      0x400 
                0x1fff8400                . = ALIGN (0x4)
                0x1fff8400                __interrupts_ram_end__ = .
                0x1fff8000                __VECTOR_RAM = DEFINED (__flash_vector_table__)?ORIGIN (m_interrupts):__VECTOR_RAM__
                0x00000400                __RAM_VECTOR_TABLE_SIZE = DEFINED (__flash_vector_table__)?0x0:(__interrupts_ram_end__ - __interrupts_ram_start__)

.data           0x1fff8400        0x4 load address 0x0000101c
                0x1fff8400                . = ALIGN (0x4)
                0x1fff8400                __DATA_RAM = .
                0x1fff8400                __data_start__ = .
 *(.data)
 *(.data*)
 .data.bTxStatusFlag
                0x1fff8400        0x1 ./src/MCAL/LPUART_Core.o
                0x1fff8400                bTxStatusFlag
 *(.jcr*)
                0x1fff8404                . = ALIGN (0x4)
 *fill*         0x1fff8401        0x3 
                0x1fff8404                __data_end__ = .
                0x00001020                __DATA_END = (__DATA_ROM + (__data_end__ - __data_start__))
                0x00001020                __CODE_ROM = __DATA_END

.igot.plt       0x1fff8404        0x0 load address 0x00001020
 .igot.plt      0x00000000        0x0 C:/NXP/S32DS_ARM_v2.2/S32DS/build_tools/gcc_v4.9/arm_ewl2/lib/armv7e-m/__arm_start.o

.code           0x1fff8404        0x0 load address 0x00001020
                0x1fff8404                . = ALIGN (0x4)
                0x1fff8404                __CODE_RAM = .
                0x1fff8404                __code_start__ = .
 *(.code_ram)
                0x1fff8404                . = ALIGN (0x4)
                0x1fff8404                __code_end__ = .
                0x00001020                __CODE_END = (__CODE_ROM + (__code_end__ - __code_start__))

.customSectionBlock
 *(.customSection)

.bss            0x20000000       0xc4
                0x20000000                . = ALIGN (0x4)
                0x20000000                __BSS_START = .
                0x20000000                __bss_start__ = .
 *(.bss)
 *(.bss*)
 .bss.u32FTM1Counter_1ms
                0x20000000        0x4 ./src/MCAL/FTMn_Core.o
 .bss.gstLPUARTRxBuf
                0x20000004       0x5d ./src/MCAL/LPUART_Core.o
 *fill*         0x20000061        0x3 
 .bss.gstLPUARTTxBuf
                0x20000064       0x5d ./src/MCAL/LPUART_Core.o
 *(COMMON)
                0x200000c4                . = ALIGN (0x4)
 *fill*         0x200000c1        0x3 
                0x200000c4                __bss_end__ = .
                0x200000c4                __BSS_END = .

.heap           0x200000c4      0x404
                0x200000c8                . = ALIGN (0x8)
 *fill*         0x200000c4        0x4 
                0x200000c8                __end__ = .
                0x200000c8                PROVIDE (end, .)
                0x200000c8                PROVIDE (_end, .)
                0x200000c8                PROVIDE (__end, .)
                0x200000c8                __HeapBase = .
                0x200004c8                . = (. + HEAP_SIZE)
 *fill*         0x200000c8      0x400 
                0x200004c8                __HeapLimit = .
                0x200004c8                __heap_limit = .

.stack          0x200004c8      0x400
                0x200004c8                . = ALIGN (0x8)
                0x200008c8                . = (. + STACK_SIZE)
 *fill*         0x200004c8      0x400 
                0x20007000                __StackTop = (ORIGIN (m_data_2) + 0x7000)
                0x20006c00                __StackLimit = (__StackTop - STACK_SIZE)
                0x20007000                PROVIDE (__stack, __StackTop)

.ARM.attributes
                0x00000000       0x31
 *(.ARM.attributes)
 .ARM.attributes
                0x00000000       0x33 ./Project_Settings/Startup_Code/startup.o
 .ARM.attributes
                0x00000033       0x1b ./Project_Settings/Startup_Code/startup_S32K144.o
 .ARM.attributes
                0x0000004e       0x33 ./Project_Settings/Startup_Code/system_S32K144.o
 .ARM.attributes
                0x00000081       0x33 ./src/MCAL/ADC_Core.o
 .ARM.attributes
                0x000000b4       0x33 ./src/MCAL/FTMn_Core.o
 .ARM.attributes
                0x000000e7       0x33 ./src/MCAL/LPUART_Core.o
 .ARM.attributes
                0x0000011a       0x33 ./src/MCAL/NVIC_Core.o
 .ARM.attributes
                0x0000014d       0x33 ./src/MCAL/PORT_Core.o
 .ARM.attributes
                0x00000180       0x33 ./src/MCAL/WDOG_Core.o
 .ARM.attributes
                0x000001b3       0x33 ./src/main.o
                0x00000001                ASSERT ((__StackLimit >= __HeapLimit), region m_data_2 overflowed with stack and heap)
OUTPUT(S32K144_Driver.elf elf32-littlearm)

.debug_info     0x00000000     0x1f82
 .debug_info    0x00000000      0x41d ./Project_Settings/Startup_Code/startup.o
 .debug_info    0x0000041d       0x77 ./Project_Settings/Startup_Code/startup_S32K144.o
 .debug_info    0x00000494      0x500 ./Project_Settings/Startup_Code/system_S32K144.o
 .debug_info    0x00000994      0x2d4 ./src/MCAL/ADC_Core.o
 .debug_info    0x00000c68      0x486 ./src/MCAL/FTMn_Core.o
 .debug_info    0x000010ee      0x31b ./src/MCAL/LPUART_Core.o
 .debug_info    0x00001409      0x46b ./src/MCAL/NVIC_Core.o
 .debug_info    0x00001874      0x294 ./src/MCAL/PORT_Core.o
 .debug_info    0x00001b08      0x123 ./src/MCAL/WDOG_Core.o
 .debug_info    0x00001c2b      0x357 ./src/main.o

.debug_abbrev   0x00000000      0x928
 .debug_abbrev  0x00000000      0x101 ./Project_Settings/Startup_Code/startup.o
 .debug_abbrev  0x00000101       0x14 ./Project_Settings/Startup_Code/startup_S32K144.o
 .debug_abbrev  0x00000115      0x118 ./Project_Settings/Startup_Code/system_S32K144.o
 .debug_abbrev  0x0000022d       0xe7 ./src/MCAL/ADC_Core.o
 .debug_abbrev  0x00000314      0x14c ./src/MCAL/FTMn_Core.o
 .debug_abbrev  0x00000460      0x16d ./src/MCAL/LPUART_Core.o
 .debug_abbrev  0x000005cd       0xd1 ./src/MCAL/NVIC_Core.o
 .debug_abbrev  0x0000069e       0xe7 ./src/MCAL/PORT_Core.o
 .debug_abbrev  0x00000785       0xba ./src/MCAL/WDOG_Core.o
 .debug_abbrev  0x0000083f       0xe9 ./src/main.o

.debug_aranges  0x00000000      0x228
 .debug_aranges
                0x00000000       0x20 ./Project_Settings/Startup_Code/startup.o
 .debug_aranges
                0x00000020       0x20 ./Project_Settings/Startup_Code/startup_S32K144.o
 .debug_aranges
                0x00000040       0x30 ./Project_Settings/Startup_Code/system_S32K144.o
 .debug_aranges
                0x00000070       0x40 ./src/MCAL/ADC_Core.o
 .debug_aranges
                0x000000b0       0x68 ./src/MCAL/FTMn_Core.o
 .debug_aranges
                0x00000118       0x40 ./src/MCAL/LPUART_Core.o
 .debug_aranges
                0x00000158       0x20 ./src/MCAL/NVIC_Core.o
 .debug_aranges
                0x00000178       0x48 ./src/MCAL/PORT_Core.o
 .debug_aranges
                0x000001c0       0x28 ./src/MCAL/WDOG_Core.o
 .debug_aranges
                0x000001e8       0x40 ./src/main.o

.debug_ranges   0x00000000      0x178
 .debug_ranges  0x00000000       0x10 ./Project_Settings/Startup_Code/startup.o
 .debug_ranges  0x00000010       0x20 ./Project_Settings/Startup_Code/system_S32K144.o
 .debug_ranges  0x00000030       0x30 ./src/MCAL/ADC_Core.o
 .debug_ranges  0x00000060       0x58 ./src/MCAL/FTMn_Core.o
 .debug_ranges  0x000000b8       0x30 ./src/MCAL/LPUART_Core.o
 .debug_ranges  0x000000e8       0x10 ./src/MCAL/NVIC_Core.o
 .debug_ranges  0x000000f8       0x38 ./src/MCAL/PORT_Core.o
 .debug_ranges  0x00000130       0x18 ./src/MCAL/WDOG_Core.o
 .debug_ranges  0x00000148       0x30 ./src/main.o

.debug_macro    0x00000000    0x113d8
 .debug_macro   0x00000000       0xea ./Project_Settings/Startup_Code/startup.o
 .debug_macro   0x000000ea      0x868 ./Project_Settings/Startup_Code/startup.o
 .debug_macro   0x00000952       0x52 ./Project_Settings/Startup_Code/startup.o
 .debug_macro   0x000009a4       0xa0 ./Project_Settings/Startup_Code/startup.o
 .debug_macro   0x00000a44       0x16 ./Project_Settings/Startup_Code/startup.o
 .debug_macro   0x00000a5a       0x10 ./Project_Settings/Startup_Code/startup.o
 .debug_macro   0x00000a6a       0x6d ./Project_Settings/Startup_Code/startup.o
 .debug_macro   0x00000ad7       0x19 ./Project_Settings/Startup_Code/startup.o
 .debug_macro   0x00000af0       0x5e ./Project_Settings/Startup_Code/startup.o
 .debug_macro   0x00000b4e      0x185 ./Project_Settings/Startup_Code/startup.o
 .debug_macro   0x00000cd3      0x147 ./Project_Settings/Startup_Code/startup.o
 .debug_macro   0x00000e1a       0x9d ./Project_Settings/Startup_Code/startup.o
 .debug_macro   0x00000eb7       0x10 ./Project_Settings/Startup_Code/startup.o
 .debug_macro   0x00000ec7      0x15b ./Project_Settings/Startup_Code/startup.o
 .debug_macro   0x00001022       0x28 ./Project_Settings/Startup_Code/startup.o
 .debug_macro   0x0000104a       0x58 ./Project_Settings/Startup_Code/startup.o
 .debug_macro   0x000010a2     0xecad ./Project_Settings/Startup_Code/startup.o
 .debug_macro   0x0000fd4f      0xa19 ./Project_Settings/Startup_Code/startup.o
 .debug_macro   0x00010768       0x22 ./Project_Settings/Startup_Code/startup.o
 .debug_macro   0x0001078a       0xe9 ./Project_Settings/Startup_Code/system_S32K144.o
 .debug_macro   0x00010873       0x28 ./Project_Settings/Startup_Code/system_S32K144.o
 .debug_macro   0x0001089b      0x19b ./src/MCAL/ADC_Core.o
 .debug_macro   0x00010a36      0x19b ./src/MCAL/FTMn_Core.o
 .debug_macro   0x00010bd1      0x19b ./src/MCAL/LPUART_Core.o
 .debug_macro   0x00010d6c      0x19b ./src/MCAL/NVIC_Core.o
 .debug_macro   0x00010f07      0x19b ./src/MCAL/PORT_Core.o
 .debug_macro   0x000110a2      0x19b ./src/MCAL/WDOG_Core.o
 .debug_macro   0x0001123d      0x19b ./src/main.o

.debug_line     0x00000000     0x2201
 .debug_line    0x00000000      0x272 ./Project_Settings/Startup_Code/startup.o
 .debug_line    0x00000272       0x83 ./Project_Settings/Startup_Code/startup_S32K144.o
 .debug_line    0x000002f5      0x2a8 ./Project_Settings/Startup_Code/system_S32K144.o
 .debug_line    0x0000059d      0x3d6 ./src/MCAL/ADC_Core.o
 .debug_line    0x00000973      0x48a ./src/MCAL/FTMn_Core.o
 .debug_line    0x00000dfd      0x418 ./src/MCAL/LPUART_Core.o
 .debug_line    0x00001215      0x38e ./src/MCAL/NVIC_Core.o
 .debug_line    0x000015a3      0x4b1 ./src/MCAL/PORT_Core.o
 .debug_line    0x00001a54      0x3a4 ./src/MCAL/WDOG_Core.o
 .debug_line    0x00001df8      0x409 ./src/main.o

.debug_str      0x00000000    0x73d19
 .debug_str     0x00000000    0x68a10 ./Project_Settings/Startup_Code/startup.o
                              0x68aa0 (size before relaxing)
 .debug_str     0x00068a10      0x1f3 ./Project_Settings/Startup_Code/system_S32K144.o
                              0x68b6a (size before relaxing)
 .debug_str     0x00068c03     0xa5ed ./src/MCAL/ADC_Core.o
                              0x72f39 (size before relaxing)
 .debug_str     0x000731f0      0x21f ./src/MCAL/FTMn_Core.o
                              0x730ab (size before relaxing)
 .debug_str     0x0007340f      0x180 ./src/MCAL/LPUART_Core.o
                              0x72ffa (size before relaxing)
 .debug_str     0x0007358f      0x615 ./src/MCAL/NVIC_Core.o
                              0x734a4 (size before relaxing)
 .debug_str     0x00073ba4       0xe4 ./src/MCAL/PORT_Core.o
                              0x72f57 (size before relaxing)
 .debug_str     0x00073c88       0x3d ./src/MCAL/WDOG_Core.o
                              0x72e9b (size before relaxing)
 .debug_str     0x00073cc5       0x54 ./src/main.o
                              0x72fa6 (size before relaxing)

.comment        0x00000000       0x70
 .comment       0x00000000       0x70 ./Project_Settings/Startup_Code/startup.o
                                 0x71 (size before relaxing)
 .comment       0x00000000       0x71 ./Project_Settings/Startup_Code/system_S32K144.o
 .comment       0x00000000       0x71 ./src/MCAL/ADC_Core.o
 .comment       0x00000000       0x71 ./src/MCAL/FTMn_Core.o
 .comment       0x00000000       0x71 ./src/MCAL/LPUART_Core.o
 .comment       0x00000000       0x71 ./src/MCAL/NVIC_Core.o
 .comment       0x00000000       0x71 ./src/MCAL/PORT_Core.o
 .comment       0x00000000       0x71 ./src/MCAL/WDOG_Core.o
 .comment       0x00000000       0x71 ./src/main.o

.debug_frame    0x00000000      0x584
 .debug_frame   0x00000000       0x38 ./Project_Settings/Startup_Code/startup.o
 .debug_frame   0x00000038       0x80 ./Project_Settings/Startup_Code/system_S32K144.o
 .debug_frame   0x000000b8       0xac ./src/MCAL/ADC_Core.o
 .debug_frame   0x00000164      0x174 ./src/MCAL/FTMn_Core.o
 .debug_frame   0x000002d8       0xb4 ./src/MCAL/LPUART_Core.o
 .debug_frame   0x0000038c       0x30 ./src/MCAL/NVIC_Core.o
 .debug_frame   0x000003bc       0xc4 ./src/MCAL/PORT_Core.o
 .debug_frame   0x00000480       0x58 ./src/MCAL/WDOG_Core.o
 .debug_frame   0x000004d8       0xac ./src/main.o
